
**** Build of configuration Debug for project particle_sim ****

Nothing to build for project particle_sim
23:32:39 **** Clean-only build of configuration Debug for project particle_sim ****
make clean 
rm -rf  ./src/zybo_vga/display_ctrl.o ./src/zybo_vga/dynclk.o  ./src/main.o ./src/platform.o ./src/vga.o  ./src/zybo_vga/display_ctrl.d ./src/zybo_vga/dynclk.d  ./src/main.d ./src/platform.d ./src/vga.d  particle_sim.elf.size  particle_sim.elf
' '
23:32:39 **** Auto Build of configuration Debug for project particle_sim ****
make pre-build main-build 
a9-linaro-pre-build-step
' '
'Building file: ../src/zybo_vga/display_ctrl.c'
'Invoking: ARM v7 gcc compiler'
arm-none-eabi-gcc -Wall -O0 -g3 -c -fmessage-length=0 -MT"src/zybo_vga/display_ctrl.o" -mcpu=cortex-a9 -mfpu=vfpv3 -mfloat-abi=hard -I../../particle_sim_bsp/ps7_cortexa9_0/include -MMD -MP -MF"src/zybo_vga/display_ctrl.d" -MT"src/zybo_vga/display_ctrl.o" -o "src/zybo_vga/display_ctrl.o" "../src/zybo_vga/display_ctrl.c"
'Finished building: ../src/zybo_vga/display_ctrl.c'
' '
'Building file: ../src/zybo_vga/dynclk.c'
'Invoking: ARM v7 gcc compiler'
arm-none-eabi-gcc -Wall -O0 -g3 -c -fmessage-length=0 -MT"src/zybo_vga/dynclk.o" -mcpu=cortex-a9 -mfpu=vfpv3 -mfloat-abi=hard -I../../particle_sim_bsp/ps7_cortexa9_0/include -MMD -MP -MF"src/zybo_vga/dynclk.d" -MT"src/zybo_vga/dynclk.o" -o "src/zybo_vga/dynclk.o" "../src/zybo_vga/dynclk.c"
'Finished building: ../src/zybo_vga/dynclk.c'
' '
'Building file: ../src/main.c'
'Invoking: ARM v7 gcc compiler'
arm-none-eabi-gcc -Wall -O0 -g3 -c -fmessage-length=0 -MT"src/main.o" -mcpu=cortex-a9 -mfpu=vfpv3 -mfloat-abi=hard -I../../particle_sim_bsp/ps7_cortexa9_0/include -MMD -MP -MF"src/main.d" -MT"src/main.o" -o "src/main.o" "../src/main.c"
../src/main.c: In function 'main':
../src/main.c:9:5: warning: implicit declaration of function 'init_platform' [-Wimplicit-function-declaration]
     init_platform();
     ^
../src/main.c:16:5: warning: implicit declaration of function 'cleanup_platform' [-Wimplicit-function-declaration]
     cleanup_platform();
     ^
'Finished building: ../src/main.c'
' '
'Building file: ../src/platform.c'
'Invoking: ARM v7 gcc compiler'
arm-none-eabi-gcc -Wall -O0 -g3 -c -fmessage-length=0 -MT"src/platform.o" -mcpu=cortex-a9 -mfpu=vfpv3 -mfloat-abi=hard -I../../particle_sim_bsp/ps7_cortexa9_0/include -MMD -MP -MF"src/platform.d" -MT"src/platform.o" -o "src/platform.o" "../src/platform.c"
'Finished building: ../src/platform.c'
' '
'Building file: ../src/vga.c'
'Invoking: ARM v7 gcc compiler'
arm-none-eabi-gcc -Wall -O0 -g3 -c -fmessage-length=0 -MT"src/vga.o" -mcpu=cortex-a9 -mfpu=vfpv3 -mfloat-abi=hard -I../../particle_sim_bsp/ps7_cortexa9_0/include -MMD -MP -MF"src/vga.d" -MT"src/vga.o" -o "src/vga.o" "../src/vga.c"
../src/vga.c: In function 'updateFrame':
../src/vga.c:74:2: warning: implicit declaration of function 'drawCircle' [-Wimplicit-function-declaration]
  drawCircle(0, 0, 0x00FF0000);
  ^
../src/vga.c:77:2: warning: implicit declaration of function 'Xil_DCacheFlush' [-Wimplicit-function-declaration]
  Xil_DCacheFlush();
  ^
../src/vga.c: At top level:
../src/vga.c:86:6: warning: conflicting types for 'drawCircle'
 void drawCircle(int startx, int starty, int colour) {
      ^
../src/vga.c:74:2: note: previous implicit declaration of 'drawCircle' was here
  drawCircle(0, 0, 0x00FF0000);
  ^
../src/vga.c: In function 'drawCircle':
../src/vga.c:90:3: warning: implicit declaration of function 'printf' [-Wimplicit-function-declaration]
   printf("%d", circlePixel);
   ^
../src/vga.c:90:3: warning: incompatible implicit declaration of built-in function 'printf'
'Finished building: ../src/vga.c'
' '
'Building target: particle_sim.elf'
'Invoking: ARM v7 gcc linker'
arm-none-eabi-gcc -mcpu=cortex-a9 -mfpu=vfpv3 -mfloat-abi=hard -Wl,-build-id=none -specs=Xilinx.spec -Wl,-T -Wl,../src/lscript.ld -L../../particle_sim_bsp/ps7_cortexa9_0/lib -o "particle_sim.elf"  ./src/zybo_vga/display_ctrl.o ./src/zybo_vga/dynclk.o  ./src/main.o ./src/platform.o ./src/vga.o   -Wl,--start-group,-lxil,-lgcc,-lc,--end-group
'Finished building target: particle_sim.elf'
' '
'Invoking: ARM v7 Print Size'
arm-none-eabi-size particle_sim.elf  |tee "particle_sim.elf.size"
   text	   data	    bss	    dec	    hex	filename
 106072	   2800	10394256	10503128	 a043d8	particle_sim.elf
'Finished building: particle_sim.elf.size'
' '
23:34:05 **** Build of project particle_sim_bsp ****
make -k all 
"Running Make include in ps7_cortexa9_0/libsrc/axivdma_v6_1/src"
make -C ps7_cortexa9_0/libsrc/axivdma_v6_1/src -s include  "SHELL=CMD" "COMPILER=arm-none-eabi-gcc" "ARCHIVER=arm-none-eabi-ar" "COMPILER_FLAGS=  -O2 -c" "EXTRA_COMPILER_FLAGS=-mcpu=cortex-a9 -mfpu=vfpv3 -mfloat-abi=hard -nostartfiles"
"Running Make include in ps7_cortexa9_0/libsrc/coresightps_dcc_v1_2/src"
make -C ps7_cortexa9_0/libsrc/coresightps_dcc_v1_2/src -s include  "SHELL=CMD" "COMPILER=arm-none-eabi-gcc" "ARCHIVER=arm-none-eabi-ar" "COMPILER_FLAGS=  -O2 -c" "EXTRA_COMPILER_FLAGS=-mcpu=cortex-a9 -mfpu=vfpv3 -mfloat-abi=hard -nostartfiles"
"Running Make include in ps7_cortexa9_0/libsrc/cpu_cortexa9_v2_2/src"
make -C ps7_cortexa9_0/libsrc/cpu_cortexa9_v2_2/src -s include  "SHELL=CMD" "COMPILER=arm-none-eabi-gcc" "ARCHIVER=arm-none-eabi-ar" "COMPILER_FLAGS=  -O2 -c" "EXTRA_COMPILER_FLAGS=-mcpu=cortex-a9 -mfpu=vfpv3 -mfloat-abi=hard -nostartfiles"
"Running Make include in ps7_cortexa9_0/libsrc/ddrps_v1_0/src"
make -C ps7_cortexa9_0/libsrc/ddrps_v1_0/src -s include  "SHELL=CMD" "COMPILER=arm-none-eabi-gcc" "ARCHIVER=arm-none-eabi-ar" "COMPILER_FLAGS=  -O2 -c" "EXTRA_COMPILER_FLAGS=-mcpu=cortex-a9 -mfpu=vfpv3 -mfloat-abi=hard -nostartfiles"
"Running Make include in ps7_cortexa9_0/libsrc/devcfg_v3_4/src"
make -C ps7_cortexa9_0/libsrc/devcfg_v3_4/src -s include  "SHELL=CMD" "COMPILER=arm-none-eabi-gcc" "ARCHIVER=arm-none-eabi-ar" "COMPILER_FLAGS=  -O2 -c" "EXTRA_COMPILER_FLAGS=-mcpu=cortex-a9 -mfpu=vfpv3 -mfloat-abi=hard -nostartfiles"
"Running Make include in ps7_cortexa9_0/libsrc/dmaps_v2_1/src"
make -C ps7_cortexa9_0/libsrc/dmaps_v2_1/src -s include  "SHELL=CMD" "COMPILER=arm-none-eabi-gcc" "ARCHIVER=arm-none-eabi-ar" "COMPILER_FLAGS=  -O2 -c" "EXTRA_COMPILER_FLAGS=-mcpu=cortex-a9 -mfpu=vfpv3 -mfloat-abi=hard -nostartfiles"
"Running Make include in ps7_cortexa9_0/libsrc/emacps_v3_2/src"
make -C ps7_cortexa9_0/libsrc/emacps_v3_2/src -s include  "SHELL=CMD" "COMPILER=arm-none-eabi-gcc" "ARCHIVER=arm-none-eabi-ar" "COMPILER_FLAGS=  -O2 -c" "EXTRA_COMPILER_FLAGS=-mcpu=cortex-a9 -mfpu=vfpv3 -mfloat-abi=hard -nostartfiles"
"Running Make include in ps7_cortexa9_0/libsrc/gpiops_v3_1/src"
make -C ps7_cortexa9_0/libsrc/gpiops_v3_1/src -s include  "SHELL=CMD" "COMPILER=arm-none-eabi-gcc" "ARCHIVER=arm-none-eabi-ar" "COMPILER_FLAGS=  -O2 -c" "EXTRA_COMPILER_FLAGS=-mcpu=cortex-a9 -mfpu=vfpv3 -mfloat-abi=hard -nostartfiles"
"Running Make include in ps7_cortexa9_0/libsrc/qspips_v3_3/src"
make -C ps7_cortexa9_0/libsrc/qspips_v3_3/src -s include  "SHELL=CMD" "COMPILER=arm-none-eabi-gcc" "ARCHIVER=arm-none-eabi-ar" "COMPILER_FLAGS=  -O2 -c" "EXTRA_COMPILER_FLAGS=-mcpu=cortex-a9 -mfpu=vfpv3 -mfloat-abi=hard -nostartfiles"
"Running Make include in ps7_cortexa9_0/libsrc/scugic_v3_3/src"
make -C ps7_cortexa9_0/libsrc/scugic_v3_3/src -s include  "SHELL=CMD" "COMPILER=arm-none-eabi-gcc" "ARCHIVER=arm-none-eabi-ar" "COMPILER_FLAGS=  -O2 -c" "EXTRA_COMPILER_FLAGS=-mcpu=cortex-a9 -mfpu=vfpv3 -mfloat-abi=hard -nostartfiles"
"Running Make include in ps7_cortexa9_0/libsrc/scutimer_v2_1/src"
make -C ps7_cortexa9_0/libsrc/scutimer_v2_1/src -s include  "SHELL=CMD" "COMPILER=arm-none-eabi-gcc" "ARCHIVER=arm-none-eabi-ar" "COMPILER_FLAGS=  -O2 -c" "EXTRA_COMPILER_FLAGS=-mcpu=cortex-a9 -mfpu=vfpv3 -mfloat-abi=hard -nostartfiles"
"Running Make include in ps7_cortexa9_0/libsrc/scuwdt_v2_1/src"
make -C ps7_cortexa9_0/libsrc/scuwdt_v2_1/src -s include  "SHELL=CMD" "COMPILER=arm-none-eabi-gcc" "ARCHIVER=arm-none-eabi-ar" "COMPILER_FLAGS=  -O2 -c" "EXTRA_COMPILER_FLAGS=-mcpu=cortex-a9 -mfpu=vfpv3 -mfloat-abi=hard -nostartfiles"
"Running Make include in ps7_cortexa9_0/libsrc/sdps_v2_8/src"
make -C ps7_cortexa9_0/libsrc/sdps_v2_8/src -s include  "SHELL=CMD" "COMPILER=arm-none-eabi-gcc" "ARCHIVER=arm-none-eabi-ar" "COMPILER_FLAGS=  -O2 -c" "EXTRA_COMPILER_FLAGS=-mcpu=cortex-a9 -mfpu=vfpv3 -mfloat-abi=hard -nostartfiles"
"Running Make include in ps7_cortexa9_0/libsrc/standalone_v5_5/src"
make -C ps7_cortexa9_0/libsrc/standalone_v5_5/src -s include  "SHELL=CMD" "COMPILER=arm-none-eabi-gcc" "ARCHIVER=arm-none-eabi-ar" "COMPILER_FLAGS=  -O2 -c" "EXTRA_COMPILER_FLAGS=-mcpu=cortex-a9 -mfpu=vfpv3 -mfloat-abi=hard -nostartfiles"
"Running Make include in ps7_cortexa9_0/libsrc/ttcps_v3_1/src"
make -C ps7_cortexa9_0/libsrc/ttcps_v3_1/src -s include  "SHELL=CMD" "COMPILER=arm-none-eabi-gcc" "ARCHIVER=arm-none-eabi-ar" "COMPILER_FLAGS=  -O2 -c" "EXTRA_COMPILER_FLAGS=-mcpu=cortex-a9 -mfpu=vfpv3 -mfloat-abi=hard -nostartfiles"
"Running Make include in ps7_cortexa9_0/libsrc/uartps_v3_1/src"
make -C ps7_cortexa9_0/libsrc/uartps_v3_1/src -s include  "SHELL=CMD" "COMPILER=arm-none-eabi-gcc" "ARCHIVER=arm-none-eabi-ar" "COMPILER_FLAGS=  -O2 -c" "EXTRA_COMPILER_FLAGS=-mcpu=cortex-a9 -mfpu=vfpv3 -mfloat-abi=hard -nostartfiles"
"Running Make include in ps7_cortexa9_0/libsrc/usbps_v2_4/src"
make -C ps7_cortexa9_0/libsrc/usbps_v2_4/src -s include  "SHELL=CMD" "COMPILER=arm-none-eabi-gcc" "ARCHIVER=arm-none-eabi-ar" "COMPILER_FLAGS=  -O2 -c" "EXTRA_COMPILER_FLAGS=-mcpu=cortex-a9 -mfpu=vfpv3 -mfloat-abi=hard -nostartfiles"
"Running Make include in ps7_cortexa9_0/libsrc/vtc_v7_1/src"
make -C ps7_cortexa9_0/libsrc/vtc_v7_1/src -s include  "SHELL=CMD" "COMPILER=arm-none-eabi-gcc" "ARCHIVER=arm-none-eabi-ar" "COMPILER_FLAGS=  -O2 -c" "EXTRA_COMPILER_FLAGS=-mcpu=cortex-a9 -mfpu=vfpv3 -mfloat-abi=hard -nostartfiles"
"Running Make include in ps7_cortexa9_0/libsrc/xadcps_v2_2/src"
make -C ps7_cortexa9_0/libsrc/xadcps_v2_2/src -s include  "SHELL=CMD" "COMPILER=arm-none-eabi-gcc" "ARCHIVER=arm-none-eabi-ar" "COMPILER_FLAGS=  -O2 -c" "EXTRA_COMPILER_FLAGS=-mcpu=cortex-a9 -mfpu=vfpv3 -mfloat-abi=hard -nostartfiles"
"Running Make libs in ps7_cortexa9_0/libsrc/axivdma_v6_1/src"
make -C ps7_cortexa9_0/libsrc/axivdma_v6_1/src -s libs  "SHELL=CMD" "COMPILER=arm-none-eabi-gcc" "ARCHIVER=arm-none-eabi-ar" "COMPILER_FLAGS=  -O2 -c" "EXTRA_COMPILER_FLAGS=-mcpu=cortex-a9 -mfpu=vfpv3 -mfloat-abi=hard -nostartfiles"
"Compiling axivdma"
"Running Make libs in ps7_cortexa9_0/libsrc/coresightps_dcc_v1_2/src"
make -C ps7_cortexa9_0/libsrc/coresightps_dcc_v1_2/src -s libs  "SHELL=CMD" "COMPILER=arm-none-eabi-gcc" "ARCHIVER=arm-none-eabi-ar" "COMPILER_FLAGS=  -O2 -c" "EXTRA_COMPILER_FLAGS=-mcpu=cortex-a9 -mfpu=vfpv3 -mfloat-abi=hard -nostartfiles"
"Compiling coresightps_dcc"
"Running Make libs in ps7_cortexa9_0/libsrc/cpu_cortexa9_v2_2/src"
make -C ps7_cortexa9_0/libsrc/cpu_cortexa9_v2_2/src -s libs  "SHELL=CMD" "COMPILER=arm-none-eabi-gcc" "ARCHIVER=arm-none-eabi-ar" "COMPILER_FLAGS=  -O2 -c" "EXTRA_COMPILER_FLAGS=-mcpu=cortex-a9 -mfpu=vfpv3 -mfloat-abi=hard -nostartfiles"
"Compiling cpu_cortexa9"
"Running Make libs in ps7_cortexa9_0/libsrc/ddrps_v1_0/src"
make -C ps7_cortexa9_0/libsrc/ddrps_v1_0/src -s libs  "SHELL=CMD" "COMPILER=arm-none-eabi-gcc" "ARCHIVER=arm-none-eabi-ar" "COMPILER_FLAGS=  -O2 -c" "EXTRA_COMPILER_FLAGS=-mcpu=cortex-a9 -mfpu=vfpv3 -mfloat-abi=hard -nostartfiles"
"Compiling ddrps"
"Running Make libs in ps7_cortexa9_0/libsrc/devcfg_v3_4/src"
make -C ps7_cortexa9_0/libsrc/devcfg_v3_4/src -s libs  "SHELL=CMD" "COMPILER=arm-none-eabi-gcc" "ARCHIVER=arm-none-eabi-ar" "COMPILER_FLAGS=  -O2 -c" "EXTRA_COMPILER_FLAGS=-mcpu=cortex-a9 -mfpu=vfpv3 -mfloat-abi=hard -nostartfiles"
"Compiling devcfg"
"Running Make libs in ps7_cortexa9_0/libsrc/dmaps_v2_1/src"
make -C ps7_cortexa9_0/libsrc/dmaps_v2_1/src -s libs  "SHELL=CMD" "COMPILER=arm-none-eabi-gcc" "ARCHIVER=arm-none-eabi-ar" "COMPILER_FLAGS=  -O2 -c" "EXTRA_COMPILER_FLAGS=-mcpu=cortex-a9 -mfpu=vfpv3 -mfloat-abi=hard -nostartfiles"
"Compiling dmaps"
"Running Make libs in ps7_cortexa9_0/libsrc/emacps_v3_2/src"
make -C ps7_cortexa9_0/libsrc/emacps_v3_2/src -s libs  "SHELL=CMD" "COMPILER=arm-none-eabi-gcc" "ARCHIVER=arm-none-eabi-ar" "COMPILER_FLAGS=  -O2 -c" "EXTRA_COMPILER_FLAGS=-mcpu=cortex-a9 -mfpu=vfpv3 -mfloat-abi=hard -nostartfiles"
"Compiling emacps"
"Running Make libs in ps7_cortexa9_0/libsrc/gpiops_v3_1/src"
make -C ps7_cortexa9_0/libsrc/gpiops_v3_1/src -s libs  "SHELL=CMD" "COMPILER=arm-none-eabi-gcc" "ARCHIVER=arm-none-eabi-ar" "COMPILER_FLAGS=  -O2 -c" "EXTRA_COMPILER_FLAGS=-mcpu=cortex-a9 -mfpu=vfpv3 -mfloat-abi=hard -nostartfiles"
"Compiling gpiops"
"Running Make libs in ps7_cortexa9_0/libsrc/qspips_v3_3/src"
make -C ps7_cortexa9_0/libsrc/qspips_v3_3/src -s libs  "SHELL=CMD" "COMPILER=arm-none-eabi-gcc" "ARCHIVER=arm-none-eabi-ar" "COMPILER_FLAGS=  -O2 -c" "EXTRA_COMPILER_FLAGS=-mcpu=cortex-a9 -mfpu=vfpv3 -mfloat-abi=hard -nostartfiles"
"Compiling qspips"
"Running Make libs in ps7_cortexa9_0/libsrc/scugic_v3_3/src"
make -C ps7_cortexa9_0/libsrc/scugic_v3_3/src -s libs  "SHELL=CMD" "COMPILER=arm-none-eabi-gcc" "ARCHIVER=arm-none-eabi-ar" "COMPILER_FLAGS=  -O2 -c" "EXTRA_COMPILER_FLAGS=-mcpu=cortex-a9 -mfpu=vfpv3 -mfloat-abi=hard -nostartfiles"
"Compiling scugic"
"Running Make libs in ps7_cortexa9_0/libsrc/scutimer_v2_1/src"
make -C ps7_cortexa9_0/libsrc/scutimer_v2_1/src -s libs  "SHELL=CMD" "COMPILER=arm-none-eabi-gcc" "ARCHIVER=arm-none-eabi-ar" "COMPILER_FLAGS=  -O2 -c" "EXTRA_COMPILER_FLAGS=-mcpu=cortex-a9 -mfpu=vfpv3 -mfloat-abi=hard -nostartfiles"
"Compiling scutimer"
"Running Make libs in ps7_cortexa9_0/libsrc/scuwdt_v2_1/src"
make -C ps7_cortexa9_0/libsrc/scuwdt_v2_1/src -s libs  "SHELL=CMD" "COMPILER=arm-none-eabi-gcc" "ARCHIVER=arm-none-eabi-ar" "COMPILER_FLAGS=  -O2 -c" "EXTRA_COMPILER_FLAGS=-mcpu=cortex-a9 -mfpu=vfpv3 -mfloat-abi=hard -nostartfiles"
"Compiling scuwdt"
"Running Make libs in ps7_cortexa9_0/libsrc/sdps_v2_8/src"
make -C ps7_cortexa9_0/libsrc/sdps_v2_8/src -s libs  "SHELL=CMD" "COMPILER=arm-none-eabi-gcc" "ARCHIVER=arm-none-eabi-ar" "COMPILER_FLAGS=  -O2 -c" "EXTRA_COMPILER_FLAGS=-mcpu=cortex-a9 -mfpu=vfpv3 -mfloat-abi=hard -nostartfiles"
"Compiling sdps"
"Running Make libs in ps7_cortexa9_0/libsrc/standalone_v5_5/src"
make -C ps7_cortexa9_0/libsrc/standalone_v5_5/src -s libs  "SHELL=CMD" "COMPILER=arm-none-eabi-gcc" "ARCHIVER=arm-none-eabi-ar" "COMPILER_FLAGS=  -O2 -c" "EXTRA_COMPILER_FLAGS=-mcpu=cortex-a9 -mfpu=vfpv3 -mfloat-abi=hard -nostartfiles"
"Compiling standalone"
"Running Make libs in ps7_cortexa9_0/libsrc/ttcps_v3_1/src"
make -C ps7_cortexa9_0/libsrc/ttcps_v3_1/src -s libs  "SHELL=CMD" "COMPILER=arm-none-eabi-gcc" "ARCHIVER=arm-none-eabi-ar" "COMPILER_FLAGS=  -O2 -c" "EXTRA_COMPILER_FLAGS=-mcpu=cortex-a9 -mfpu=vfpv3 -mfloat-abi=hard -nostartfiles"
"Compiling ttcps"
"Running Make libs in ps7_cortexa9_0/libsrc/uartps_v3_1/src"
make -C ps7_cortexa9_0/libsrc/uartps_v3_1/src -s libs  "SHELL=CMD" "COMPILER=arm-none-eabi-gcc" "ARCHIVER=arm-none-eabi-ar" "COMPILER_FLAGS=  -O2 -c" "EXTRA_COMPILER_FLAGS=-mcpu=cortex-a9 -mfpu=vfpv3 -mfloat-abi=hard -nostartfiles"
"Compiling uartps"
"Running Make libs in ps7_cortexa9_0/libsrc/usbps_v2_4/src"
make -C ps7_cortexa9_0/libsrc/usbps_v2_4/src -s libs  "SHELL=CMD" "COMPILER=arm-none-eabi-gcc" "ARCHIVER=arm-none-eabi-ar" "COMPILER_FLAGS=  -O2 -c" "EXTRA_COMPILER_FLAGS=-mcpu=cortex-a9 -mfpu=vfpv3 -mfloat-abi=hard -nostartfiles"
"Compiling usbps"
"Running Make libs in ps7_cortexa9_0/libsrc/vtc_v7_1/src"
make -C ps7_cortexa9_0/libsrc/vtc_v7_1/src -s libs  "SHELL=CMD" "COMPILER=arm-none-eabi-gcc" "ARCHIVER=arm-none-eabi-ar" "COMPILER_FLAGS=  -O2 -c" "EXTRA_COMPILER_FLAGS=-mcpu=cortex-a9 -mfpu=vfpv3 -mfloat-abi=hard -nostartfiles"
"Compiling video timing controller"
"Running Make libs in ps7_cortexa9_0/libsrc/xadcps_v2_2/src"
make -C ps7_cortexa9_0/libsrc/xadcps_v2_2/src -s libs  "SHELL=CMD" "COMPILER=arm-none-eabi-gcc" "ARCHIVER=arm-none-eabi-ar" "COMPILER_FLAGS=  -O2 -c" "EXTRA_COMPILER_FLAGS=-mcpu=cortex-a9 -mfpu=vfpv3 -mfloat-abi=hard -nostartfiles"
"Compiling xadcps"
'Finished building libraries'
23:34:20 **** Clean-only build of configuration Debug for project particle_sim ****
make clean 
rm -rf  ./src/zybo_vga/display_ctrl.o ./src/zybo_vga/dynclk.o  ./src/main.o ./src/platform.o ./src/vga.o  ./src/zybo_vga/display_ctrl.d ./src/zybo_vga/dynclk.d  ./src/main.d ./src/platform.d ./src/vga.d  particle_sim.elf.size  particle_sim.elf
' '
23:34:20 **** Build of configuration Debug for project particle_sim ****
make pre-build main-build 
a9-linaro-pre-build-step
' '
'Building file: ../src/zybo_vga/display_ctrl.c'
'Invoking: ARM v7 gcc compiler'
arm-none-eabi-gcc -Wall -O0 -g3 -c -fmessage-length=0 -MT"src/zybo_vga/display_ctrl.o" -mcpu=cortex-a9 -mfpu=vfpv3 -mfloat-abi=hard -I../../particle_sim_bsp/ps7_cortexa9_0/include -MMD -MP -MF"src/zybo_vga/display_ctrl.d" -MT"src/zybo_vga/display_ctrl.o" -o "src/zybo_vga/display_ctrl.o" "../src/zybo_vga/display_ctrl.c"
'Finished building: ../src/zybo_vga/display_ctrl.c'
' '
'Building file: ../src/zybo_vga/dynclk.c'
'Invoking: ARM v7 gcc compiler'
arm-none-eabi-gcc -Wall -O0 -g3 -c -fmessage-length=0 -MT"src/zybo_vga/dynclk.o" -mcpu=cortex-a9 -mfpu=vfpv3 -mfloat-abi=hard -I../../particle_sim_bsp/ps7_cortexa9_0/include -MMD -MP -MF"src/zybo_vga/dynclk.d" -MT"src/zybo_vga/dynclk.o" -o "src/zybo_vga/dynclk.o" "../src/zybo_vga/dynclk.c"
'Finished building: ../src/zybo_vga/dynclk.c'
' '
'Building file: ../src/main.c'
'Invoking: ARM v7 gcc compiler'
arm-none-eabi-gcc -Wall -O0 -g3 -c -fmessage-length=0 -MT"src/main.o" -mcpu=cortex-a9 -mfpu=vfpv3 -mfloat-abi=hard -I../../particle_sim_bsp/ps7_cortexa9_0/include -MMD -MP -MF"src/main.d" -MT"src/main.o" -o "src/main.o" "../src/main.c"
../src/main.c: In function 'main':
../src/main.c:9:5: warning: implicit declaration of function 'init_platform' [-Wimplicit-function-declaration]
     init_platform();
     ^
../src/main.c:16:5: warning: implicit declaration of function 'cleanup_platform' [-Wimplicit-function-declaration]
     cleanup_platform();
     ^
'Finished building: ../src/main.c'
' '
'Building file: ../src/platform.c'
'Invoking: ARM v7 gcc compiler'
arm-none-eabi-gcc -Wall -O0 -g3 -c -fmessage-length=0 -MT"src/platform.o" -mcpu=cortex-a9 -mfpu=vfpv3 -mfloat-abi=hard -I../../particle_sim_bsp/ps7_cortexa9_0/include -MMD -MP -MF"src/platform.d" -MT"src/platform.o" -o "src/platform.o" "../src/platform.c"
'Finished building: ../src/platform.c'
' '
'Building file: ../src/vga.c'
'Invoking: ARM v7 gcc compiler'
arm-none-eabi-gcc -Wall -O0 -g3 -c -fmessage-length=0 -MT"src/vga.o" -mcpu=cortex-a9 -mfpu=vfpv3 -mfloat-abi=hard -I../../particle_sim_bsp/ps7_cortexa9_0/include -MMD -MP -MF"src/vga.d" -MT"src/vga.o" -o "src/vga.o" "../src/vga.c"
../src/vga.c: In function 'updateFrame':
../src/vga.c:74:2: warning: implicit declaration of function 'drawCircle' [-Wimplicit-function-declaration]
  drawCircle(0, 0, 0x00FF0000);
  ^
../src/vga.c:77:2: warning: implicit declaration of function 'Xil_DCacheFlush' [-Wimplicit-function-declaration]
  Xil_DCacheFlush();
  ^
../src/vga.c: At top level:
../src/vga.c:86:6: warning: conflicting types for 'drawCircle'
 void drawCircle(int startx, int starty, int colour) {
      ^
../src/vga.c:74:2: note: previous implicit declaration of 'drawCircle' was here
  drawCircle(0, 0, 0x00FF0000);
  ^
../src/vga.c: In function 'drawCircle':
../src/vga.c:90:3: warning: implicit declaration of function 'printf' [-Wimplicit-function-declaration]
   printf("%d", circlePixel);
   ^
../src/vga.c:90:3: warning: incompatible implicit declaration of built-in function 'printf'
'Finished building: ../src/vga.c'
' '
'Building target: particle_sim.elf'
'Invoking: ARM v7 gcc linker'
arm-none-eabi-gcc -mcpu=cortex-a9 -mfpu=vfpv3 -mfloat-abi=hard -Wl,-build-id=none -specs=Xilinx.spec -Wl,-T -Wl,../src/lscript.ld -L../../particle_sim_bsp/ps7_cortexa9_0/lib -o "particle_sim.elf"  ./src/zybo_vga/display_ctrl.o ./src/zybo_vga/dynclk.o  ./src/main.o ./src/platform.o ./src/vga.o   -Wl,--start-group,-lxil,-lgcc,-lc,--end-group
'Finished building target: particle_sim.elf'
' '
'Invoking: ARM v7 Print Size'
arm-none-eabi-size particle_sim.elf  |tee "particle_sim.elf.size"
   text	   data	    bss	    dec	    hex	filename
 106072	   2800	10394256	10503128	 a043d8	particle_sim.elf
'Finished building: particle_sim.elf.size'
' '
23:38:57 **** Auto Build of configuration Debug for project particle_sim ****
make pre-build main-build 
a9-linaro-pre-build-step
' '
'Building file: ../src/main.c'
'Invoking: ARM v7 gcc compiler'
arm-none-eabi-gcc -Wall -O0 -g3 -c -fmessage-length=0 -MT"src/main.o" -mcpu=cortex-a9 -mfpu=vfpv3 -mfloat-abi=hard -I../../particle_sim_bsp/ps7_cortexa9_0/include -MMD -MP -MF"src/main.d" -MT"src/main.o" -o "src/main.o" "../src/main.c"
../src/main.c: In function 'main':
../src/main.c:9:5: warning: implicit declaration of function 'init_platform' [-Wimplicit-function-declaration]
     init_platform();
     ^
../src/main.c:16:5: warning: implicit declaration of function 'cleanup_platform' [-Wimplicit-function-declaration]
     cleanup_platform();
     ^
'Finished building: ../src/main.c'
' '
'Building target: particle_sim.elf'
'Invoking: ARM v7 gcc linker'
arm-none-eabi-gcc -mcpu=cortex-a9 -mfpu=vfpv3 -mfloat-abi=hard -Wl,-build-id=none -specs=Xilinx.spec -Wl,-T -Wl,../src/lscript.ld -L../../particle_sim_bsp/ps7_cortexa9_0/lib -o "particle_sim.elf"  ./src/zybo_vga/display_ctrl.o ./src/zybo_vga/dynclk.o  ./src/main.o ./src/platform.o ./src/vga.o   -Wl,--start-group,-lxil,-lgcc,-lc,--end-group
'Finished building target: particle_sim.elf'
' '
'Invoking: ARM v7 Print Size'
arm-none-eabi-size particle_sim.elf  |tee "particle_sim.elf.size"
   text	   data	    bss	    dec	    hex	filename
 106072	   2800	10394256	10503128	 a043d8	particle_sim.elf
'Finished building: particle_sim.elf.size'
' '
23:45:19 **** Auto Build of configuration Debug for project particle_sim ****
make pre-build main-build 
a9-linaro-pre-build-step
' '
'Building file: ../src/main.c'
'Invoking: ARM v7 gcc compiler'
arm-none-eabi-gcc -Wall -O0 -g3 -c -fmessage-length=0 -MT"src/main.o" -mcpu=cortex-a9 -mfpu=vfpv3 -mfloat-abi=hard -I../../particle_sim_bsp/ps7_cortexa9_0/include -MMD -MP -MF"src/main.d" -MT"src/main.o" -o "src/main.o" "../src/main.c"
../src/main.c: In function 'main':
../src/main.c:16:5: warning: implicit declaration of function 'init_platform' [-Wimplicit-function-declaration]
     init_platform();
     ^
../src/main.c:23:5: warning: implicit declaration of function 'cleanup_platform' [-Wimplicit-function-declaration]
     cleanup_platform();
     ^
'Finished building: ../src/main.c'
' '
'Building target: particle_sim.elf'
'Invoking: ARM v7 gcc linker'
arm-none-eabi-gcc -mcpu=cortex-a9 -mfpu=vfpv3 -mfloat-abi=hard -Wl,-build-id=none -specs=Xilinx.spec -Wl,-T -Wl,../src/lscript.ld -L../../particle_sim_bsp/ps7_cortexa9_0/lib -o "particle_sim.elf"  ./src/zybo_vga/display_ctrl.o ./src/zybo_vga/dynclk.o  ./src/main.o ./src/platform.o ./src/vga.o   -Wl,--start-group,-lxil,-lgcc,-lc,--end-group
'Finished building target: particle_sim.elf'
' '
'Invoking: ARM v7 Print Size'
arm-none-eabi-size particle_sim.elf  |tee "particle_sim.elf.size"
   text	   data	    bss	    dec	    hex	filename
 106072	   2800	10394256	10503128	 a043d8	particle_sim.elf
'Finished building: particle_sim.elf.size'
' '
23:46:02 **** Auto Build of configuration Debug for project particle_sim ****
make pre-build main-build 
a9-linaro-pre-build-step
' '
'Building file: ../src/main.c'
'Invoking: ARM v7 gcc compiler'
arm-none-eabi-gcc -Wall -O0 -g3 -c -fmessage-length=0 -MT"src/main.o" -mcpu=cortex-a9 -mfpu=vfpv3 -mfloat-abi=hard -I../../particle_sim_bsp/ps7_cortexa9_0/include -MMD -MP -MF"src/main.d" -MT"src/main.o" -o "src/main.o" "../src/main.c"
../src/main.c: In function 'main':
../src/main.c:22:5: warning: implicit declaration of function 'init_platform' [-Wimplicit-function-declaration]
     init_platform();
     ^
../src/main.c:29:5: warning: implicit declaration of function 'cleanup_platform' [-Wimplicit-function-declaration]
     cleanup_platform();
     ^
'Finished building: ../src/main.c'
' '
'Building target: particle_sim.elf'
'Invoking: ARM v7 gcc linker'
arm-none-eabi-gcc -mcpu=cortex-a9 -mfpu=vfpv3 -mfloat-abi=hard -Wl,-build-id=none -specs=Xilinx.spec -Wl,-T -Wl,../src/lscript.ld -L../../particle_sim_bsp/ps7_cortexa9_0/lib -o "particle_sim.elf"  ./src/zybo_vga/display_ctrl.o ./src/zybo_vga/dynclk.o  ./src/main.o ./src/platform.o ./src/vga.o   -Wl,--start-group,-lxil,-lgcc,-lc,--end-group
'Finished building target: particle_sim.elf'
' '
'Invoking: ARM v7 Print Size'
arm-none-eabi-size particle_sim.elf  |tee "particle_sim.elf.size"
   text	   data	    bss	    dec	    hex	filename
 106072	   2800	10394256	10503128	 a043d8	particle_sim.elf
'Finished building: particle_sim.elf.size'
' '
23:46:42 **** Auto Build of configuration Debug for project particle_sim ****
make pre-build main-build 
a9-linaro-pre-build-step
' '
'Building file: ../src/particle.c'
'Invoking: ARM v7 gcc compiler'
arm-none-eabi-gcc -Wall -O0 -g3 -c -fmessage-length=0 -MT"src/particle.o" -mcpu=cortex-a9 -mfpu=vfpv3 -mfloat-abi=hard -I../../particle_sim_bsp/ps7_cortexa9_0/include -MMD -MP -MF"src/particle.d" -MT"src/particle.o" -o "src/particle.o" "../src/particle.c"
'Finished building: ../src/particle.c'
' '
'Building target: particle_sim.elf'
'Invoking: ARM v7 gcc linker'
arm-none-eabi-gcc -mcpu=cortex-a9 -mfpu=vfpv3 -mfloat-abi=hard -Wl,-build-id=none -specs=Xilinx.spec -Wl,-T -Wl,../src/lscript.ld -L../../particle_sim_bsp/ps7_cortexa9_0/lib -o "particle_sim.elf"  ./src/zybo_vga/display_ctrl.o ./src/zybo_vga/dynclk.o  ./src/main.o ./src/particle.o ./src/platform.o ./src/vga.o   -Wl,--start-group,-lxil,-lgcc,-lc,--end-group
'Finished building target: particle_sim.elf'
' '
'Invoking: ARM v7 Print Size'
arm-none-eabi-size particle_sim.elf  |tee "particle_sim.elf.size"
   text	   data	    bss	    dec	    hex	filename
 106072	   2800	10394256	10503128	 a043d8	particle_sim.elf
'Finished building: particle_sim.elf.size'
' '
23:46:53 **** Auto Build of configuration Debug for project particle_sim ****
make pre-build main-build 
a9-linaro-pre-build-step
' '
make: Nothing to be done for `main-build'.
23:47:08 **** Auto Build of configuration Debug for project particle_sim ****
make pre-build main-build 
a9-linaro-pre-build-step
' '
'Building file: ../src/main.c'
'Invoking: ARM v7 gcc compiler'
arm-none-eabi-gcc -Wall -O0 -g3 -c -fmessage-length=0 -MT"src/main.o" -mcpu=cortex-a9 -mfpu=vfpv3 -mfloat-abi=hard -I../../particle_sim_bsp/ps7_cortexa9_0/include -MMD -MP -MF"src/main.d" -MT"src/main.o" -o "src/main.o" "../src/main.c"
../src/main.c: In function 'main':
../src/main.c:9:5: warning: implicit declaration of function 'init_platform' [-Wimplicit-function-declaration]
     init_platform();
     ^
../src/main.c:16:5: warning: implicit declaration of function 'cleanup_platform' [-Wimplicit-function-declaration]
     cleanup_platform();
     ^
'Finished building: ../src/main.c'
' '
'Building target: particle_sim.elf'
'Invoking: ARM v7 gcc linker'
arm-none-eabi-gcc -mcpu=cortex-a9 -mfpu=vfpv3 -mfloat-abi=hard -Wl,-build-id=none -specs=Xilinx.spec -Wl,-T -Wl,../src/lscript.ld -L../../particle_sim_bsp/ps7_cortexa9_0/lib -o "particle_sim.elf"  ./src/zybo_vga/display_ctrl.o ./src/zybo_vga/dynclk.o  ./src/main.o ./src/particle.o ./src/platform.o ./src/vga.o   -Wl,--start-group,-lxil,-lgcc,-lc,--end-group
'Finished building target: particle_sim.elf'
' '
'Invoking: ARM v7 Print Size'
arm-none-eabi-size particle_sim.elf  |tee "particle_sim.elf.size"
   text	   data	    bss	    dec	    hex	filename
 106072	   2800	10394256	10503128	 a043d8	particle_sim.elf
'Finished building: particle_sim.elf.size'
' '
23:47:15 **** Auto Build of configuration Debug for project particle_sim ****
make pre-build main-build 
a9-linaro-pre-build-step
' '
'Building file: ../src/particle.c'
'Invoking: ARM v7 gcc compiler'
arm-none-eabi-gcc -Wall -O0 -g3 -c -fmessage-length=0 -MT"src/particle.o" -mcpu=cortex-a9 -mfpu=vfpv3 -mfloat-abi=hard -I../../particle_sim_bsp/ps7_cortexa9_0/include -MMD -MP -MF"src/particle.d" -MT"src/particle.o" -o "src/particle.o" "../src/particle.c"
'Finished building: ../src/particle.c'
' '
'Building target: particle_sim.elf'
'Invoking: ARM v7 gcc linker'
arm-none-eabi-gcc -mcpu=cortex-a9 -mfpu=vfpv3 -mfloat-abi=hard -Wl,-build-id=none -specs=Xilinx.spec -Wl,-T -Wl,../src/lscript.ld -L../../particle_sim_bsp/ps7_cortexa9_0/lib -o "particle_sim.elf"  ./src/zybo_vga/display_ctrl.o ./src/zybo_vga/dynclk.o  ./src/main.o ./src/particle.o ./src/platform.o ./src/vga.o   -Wl,--start-group,-lxil,-lgcc,-lc,--end-group
'Finished building target: particle_sim.elf'
' '
'Invoking: ARM v7 Print Size'
arm-none-eabi-size particle_sim.elf  |tee "particle_sim.elf.size"
   text	   data	    bss	    dec	    hex	filename
 106072	   2800	10394256	10503128	 a043d8	particle_sim.elf
'Finished building: particle_sim.elf.size'
' '
23:48:19 **** Auto Build of configuration Debug for project particle_sim ****
make pre-build main-build 
a9-linaro-pre-build-step
' '
'Building file: ../src/main.c'
'Invoking: ARM v7 gcc compiler'
arm-none-eabi-gcc -Wall -O0 -g3 -c -fmessage-length=0 -MT"src/main.o" -mcpu=cortex-a9 -mfpu=vfpv3 -mfloat-abi=hard -I../../particle_sim_bsp/ps7_cortexa9_0/include -MMD -MP -MF"src/main.d" -MT"src/main.o" -o "src/main.o" "../src/main.c"
../src/main.c: In function 'main':
../src/main.c:22:5: warning: implicit declaration of function 'init_platform' [-Wimplicit-function-declaration]
     init_platform();
     ^
../src/main.c:29:5: warning: implicit declaration of function 'cleanup_platform' [-Wimplicit-function-declaration]
     cleanup_platform();
     ^
'Finished building: ../src/main.c'
' '
'Building target: particle_sim.elf'
'Invoking: ARM v7 gcc linker'
arm-none-eabi-gcc -mcpu=cortex-a9 -mfpu=vfpv3 -mfloat-abi=hard -Wl,-build-id=none -specs=Xilinx.spec -Wl,-T -Wl,../src/lscript.ld -L../../particle_sim_bsp/ps7_cortexa9_0/lib -o "particle_sim.elf"  ./src/zybo_vga/display_ctrl.o ./src/zybo_vga/dynclk.o  ./src/main.o ./src/particle.o ./src/platform.o ./src/vga.o   -Wl,--start-group,-lxil,-lgcc,-lc,--end-group
'Finished building target: particle_sim.elf'
' '
'Invoking: ARM v7 Print Size'
arm-none-eabi-size particle_sim.elf  |tee "particle_sim.elf.size"
   text	   data	    bss	    dec	    hex	filename
 106072	   2800	10394256	10503128	 a043d8	particle_sim.elf
'Finished building: particle_sim.elf.size'
' '
23:48:24 **** Clean-only build of configuration Debug for project particle_sim ****
make clean 
rm -rf  ./src/zybo_vga/display_ctrl.o ./src/zybo_vga/dynclk.o  ./src/main.o ./src/particle.o ./src/platform.o ./src/vga.o  ./src/zybo_vga/display_ctrl.d ./src/zybo_vga/dynclk.d  ./src/main.d ./src/particle.d ./src/platform.d ./src/vga.d  particle_sim.elf.size  particle_sim.elf
' '
23:48:24 **** Auto Build of configuration Debug for project particle_sim ****
make pre-build main-build 
a9-linaro-pre-build-step
' '
'Building file: ../src/zybo_vga/display_ctrl.c'
'Invoking: ARM v7 gcc compiler'
arm-none-eabi-gcc -Wall -O0 -g3 -c -fmessage-length=0 -MT"src/zybo_vga/display_ctrl.o" -mcpu=cortex-a9 -mfpu=vfpv3 -mfloat-abi=hard -I../../particle_sim_bsp/ps7_cortexa9_0/include -MMD -MP -MF"src/zybo_vga/display_ctrl.d" -MT"src/zybo_vga/display_ctrl.o" -o "src/zybo_vga/display_ctrl.o" "../src/zybo_vga/display_ctrl.c"
'Finished building: ../src/zybo_vga/display_ctrl.c'
' '
'Building file: ../src/zybo_vga/dynclk.c'
'Invoking: ARM v7 gcc compiler'
arm-none-eabi-gcc -Wall -O0 -g3 -c -fmessage-length=0 -MT"src/zybo_vga/dynclk.o" -mcpu=cortex-a9 -mfpu=vfpv3 -mfloat-abi=hard -I../../particle_sim_bsp/ps7_cortexa9_0/include -MMD -MP -MF"src/zybo_vga/dynclk.d" -MT"src/zybo_vga/dynclk.o" -o "src/zybo_vga/dynclk.o" "../src/zybo_vga/dynclk.c"
'Finished building: ../src/zybo_vga/dynclk.c'
' '
'Building file: ../src/main.c'
'Invoking: ARM v7 gcc compiler'
arm-none-eabi-gcc -Wall -O0 -g3 -c -fmessage-length=0 -MT"src/main.o" -mcpu=cortex-a9 -mfpu=vfpv3 -mfloat-abi=hard -I../../particle_sim_bsp/ps7_cortexa9_0/include -MMD -MP -MF"src/main.d" -MT"src/main.o" -o "src/main.o" "../src/main.c"
../src/main.c: In function 'main':
../src/main.c:22:5: warning: implicit declaration of function 'init_platform' [-Wimplicit-function-declaration]
     init_platform();
     ^
../src/main.c:29:5: warning: implicit declaration of function 'cleanup_platform' [-Wimplicit-function-declaration]
     cleanup_platform();
     ^
'Finished building: ../src/main.c'
' '
'Building file: ../src/platform.c'
'Invoking: ARM v7 gcc compiler'
arm-none-eabi-gcc -Wall -O0 -g3 -c -fmessage-length=0 -MT"src/platform.o" -mcpu=cortex-a9 -mfpu=vfpv3 -mfloat-abi=hard -I../../particle_sim_bsp/ps7_cortexa9_0/include -MMD -MP -MF"src/platform.d" -MT"src/platform.o" -o "src/platform.o" "../src/platform.c"
'Finished building: ../src/platform.c'
' '
'Building file: ../src/vga.c'
'Invoking: ARM v7 gcc compiler'
arm-none-eabi-gcc -Wall -O0 -g3 -c -fmessage-length=0 -MT"src/vga.o" -mcpu=cortex-a9 -mfpu=vfpv3 -mfloat-abi=hard -I../../particle_sim_bsp/ps7_cortexa9_0/include -MMD -MP -MF"src/vga.d" -MT"src/vga.o" -o "src/vga.o" "../src/vga.c"
../src/vga.c: In function 'updateFrame':
../src/vga.c:74:2: warning: implicit declaration of function 'drawCircle' [-Wimplicit-function-declaration]
  drawCircle(0, 0, 0x00FF0000);
  ^
../src/vga.c:77:2: warning: implicit declaration of function 'Xil_DCacheFlush' [-Wimplicit-function-declaration]
  Xil_DCacheFlush();
  ^
../src/vga.c: At top level:
../src/vga.c:86:6: warning: conflicting types for 'drawCircle'
 void drawCircle(int startx, int starty, int colour) {
      ^
../src/vga.c:74:2: note: previous implicit declaration of 'drawCircle' was here
  drawCircle(0, 0, 0x00FF0000);
  ^
../src/vga.c: In function 'drawCircle':
../src/vga.c:90:3: warning: implicit declaration of function 'printf' [-Wimplicit-function-declaration]
   printf("%d", circlePixel);
   ^
../src/vga.c:90:3: warning: incompatible implicit declaration of built-in function 'printf'
'Finished building: ../src/vga.c'
' '
'Building target: particle_sim.elf'
'Invoking: ARM v7 gcc linker'
arm-none-eabi-gcc -mcpu=cortex-a9 -mfpu=vfpv3 -mfloat-abi=hard -Wl,-build-id=none -specs=Xilinx.spec -Wl,-T -Wl,../src/lscript.ld -L../../particle_sim_bsp/ps7_cortexa9_0/lib -o "particle_sim.elf"  ./src/zybo_vga/display_ctrl.o ./src/zybo_vga/dynclk.o  ./src/main.o ./src/platform.o ./src/vga.o   -Wl,--start-group,-lxil,-lgcc,-lc,--end-group
'Finished building target: particle_sim.elf'
' '
'Invoking: ARM v7 Print Size'
arm-none-eabi-size particle_sim.elf  |tee "particle_sim.elf.size"
   text	   data	    bss	    dec	    hex	filename
 106072	   2800	10394256	10503128	 a043d8	particle_sim.elf
'Finished building: particle_sim.elf.size'
' '
23:48:42 **** Auto Build of configuration Debug for project particle_sim ****
make pre-build main-build 
a9-linaro-pre-build-step
' '
'Building file: ../src/simulation.c'
'Invoking: ARM v7 gcc compiler'
arm-none-eabi-gcc -Wall -O0 -g3 -c -fmessage-length=0 -MT"src/simulation.o" -mcpu=cortex-a9 -mfpu=vfpv3 -mfloat-abi=hard -I../../particle_sim_bsp/ps7_cortexa9_0/include -MMD -MP -MF"src/simulation.d" -MT"src/simulation.o" -o "src/simulation.o" "../src/simulation.c"
'Finished building: ../src/simulation.c'
' '
'Building target: particle_sim.elf'
'Invoking: ARM v7 gcc linker'
arm-none-eabi-gcc -mcpu=cortex-a9 -mfpu=vfpv3 -mfloat-abi=hard -Wl,-build-id=none -specs=Xilinx.spec -Wl,-T -Wl,../src/lscript.ld -L../../particle_sim_bsp/ps7_cortexa9_0/lib -o "particle_sim.elf"  ./src/zybo_vga/display_ctrl.o ./src/zybo_vga/dynclk.o  ./src/main.o ./src/platform.o ./src/simulation.o ./src/vga.o   -Wl,--start-group,-lxil,-lgcc,-lc,--end-group
'Finished building target: particle_sim.elf'
' '
'Invoking: ARM v7 Print Size'
arm-none-eabi-size particle_sim.elf  |tee "particle_sim.elf.size"
   text	   data	    bss	    dec	    hex	filename
 106072	   2800	10394256	10503128	 a043d8	particle_sim.elf
'Finished building: particle_sim.elf.size'
' '
23:48:50 **** Auto Build of configuration Debug for project particle_sim ****
make pre-build main-build 
a9-linaro-pre-build-step
' '
make: Nothing to be done for `main-build'.
23:48:59 **** Auto Build of configuration Debug for project particle_sim ****
make pre-build main-build 
a9-linaro-pre-build-step
' '
'Building file: ../src/simulation.c'
'Invoking: ARM v7 gcc compiler'
arm-none-eabi-gcc -Wall -O0 -g3 -c -fmessage-length=0 -MT"src/simulation.o" -mcpu=cortex-a9 -mfpu=vfpv3 -mfloat-abi=hard -I../../particle_sim_bsp/ps7_cortexa9_0/include -MMD -MP -MF"src/simulation.d" -MT"src/simulation.o" -o "src/simulation.o" "../src/simulation.c"
'Finished building: ../src/simulation.c'
' '
'Building target: particle_sim.elf'
'Invoking: ARM v7 gcc linker'
arm-none-eabi-gcc -mcpu=cortex-a9 -mfpu=vfpv3 -mfloat-abi=hard -Wl,-build-id=none -specs=Xilinx.spec -Wl,-T -Wl,../src/lscript.ld -L../../particle_sim_bsp/ps7_cortexa9_0/lib -o "particle_sim.elf"  ./src/zybo_vga/display_ctrl.o ./src/zybo_vga/dynclk.o  ./src/main.o ./src/platform.o ./src/simulation.o ./src/vga.o   -Wl,--start-group,-lxil,-lgcc,-lc,--end-group
'Finished building target: particle_sim.elf'
' '
'Invoking: ARM v7 Print Size'
arm-none-eabi-size particle_sim.elf  |tee "particle_sim.elf.size"
   text	   data	    bss	    dec	    hex	filename
 106072	   2800	10394256	10503128	 a043d8	particle_sim.elf
'Finished building: particle_sim.elf.size'
' '
23:49:12 **** Auto Build of configuration Debug for project particle_sim ****
make pre-build main-build 
a9-linaro-pre-build-step
' '
'Building file: ../src/main.c'
'Invoking: ARM v7 gcc compiler'
arm-none-eabi-gcc -Wall -O0 -g3 -c -fmessage-length=0 -MT"src/main.o" -mcpu=cortex-a9 -mfpu=vfpv3 -mfloat-abi=hard -I../../particle_sim_bsp/ps7_cortexa9_0/include -MMD -MP -MF"src/main.d" -MT"src/main.o" -o "src/main.o" "../src/main.c"
../src/main.c: In function 'main':
../src/main.c:10:5: warning: implicit declaration of function 'init_platform' [-Wimplicit-function-declaration]
     init_platform();
     ^
../src/main.c:17:5: warning: implicit declaration of function 'cleanup_platform' [-Wimplicit-function-declaration]
     cleanup_platform();
     ^
'Finished building: ../src/main.c'
' '
'Building target: particle_sim.elf'
'Invoking: ARM v7 gcc linker'
arm-none-eabi-gcc -mcpu=cortex-a9 -mfpu=vfpv3 -mfloat-abi=hard -Wl,-build-id=none -specs=Xilinx.spec -Wl,-T -Wl,../src/lscript.ld -L../../particle_sim_bsp/ps7_cortexa9_0/lib -o "particle_sim.elf"  ./src/zybo_vga/display_ctrl.o ./src/zybo_vga/dynclk.o  ./src/main.o ./src/platform.o ./src/simulation.o ./src/vga.o   -Wl,--start-group,-lxil,-lgcc,-lc,--end-group
'Finished building target: particle_sim.elf'
' '
'Invoking: ARM v7 Print Size'
arm-none-eabi-size particle_sim.elf  |tee "particle_sim.elf.size"
   text	   data	    bss	    dec	    hex	filename
 106072	   2800	10394256	10503128	 a043d8	particle_sim.elf
'Finished building: particle_sim.elf.size'
' '
23:49:42 **** Auto Build of configuration Debug for project particle_sim ****
make pre-build main-build 
a9-linaro-pre-build-step
' '
'Building file: ../src/main.c'
'Invoking: ARM v7 gcc compiler'
arm-none-eabi-gcc -Wall -O0 -g3 -c -fmessage-length=0 -MT"src/main.o" -mcpu=cortex-a9 -mfpu=vfpv3 -mfloat-abi=hard -I../../particle_sim_bsp/ps7_cortexa9_0/include -MMD -MP -MF"src/main.d" -MT"src/main.o" -o "src/main.o" "../src/main.c"
../src/main.c: In function 'main':
../src/main.c:13:5: warning: implicit declaration of function 'init_platform' [-Wimplicit-function-declaration]
     init_platform();
     ^
../src/main.c:20:5: warning: implicit declaration of function 'cleanup_platform' [-Wimplicit-function-declaration]
     cleanup_platform();
     ^
'Finished building: ../src/main.c'
' '
'Building target: particle_sim.elf'
'Invoking: ARM v7 gcc linker'
arm-none-eabi-gcc -mcpu=cortex-a9 -mfpu=vfpv3 -mfloat-abi=hard -Wl,-build-id=none -specs=Xilinx.spec -Wl,-T -Wl,../src/lscript.ld -L../../particle_sim_bsp/ps7_cortexa9_0/lib -o "particle_sim.elf"  ./src/zybo_vga/display_ctrl.o ./src/zybo_vga/dynclk.o  ./src/main.o ./src/platform.o ./src/simulation.o ./src/vga.o   -Wl,--start-group,-lxil,-lgcc,-lc,--end-group
'Finished building target: particle_sim.elf'
' '
'Invoking: ARM v7 Print Size'
arm-none-eabi-size particle_sim.elf  |tee "particle_sim.elf.size"
   text	   data	    bss	    dec	    hex	filename
 106072	   2808	10394256	10503136	 a043e0	particle_sim.elf
'Finished building: particle_sim.elf.size'
' '
23:50:12 **** Auto Build of configuration Debug for project particle_sim ****
make pre-build main-build 
a9-linaro-pre-build-step
' '
'Building file: ../src/main.c'
'Invoking: ARM v7 gcc compiler'
arm-none-eabi-gcc -Wall -O0 -g3 -c -fmessage-length=0 -MT"src/main.o" -mcpu=cortex-a9 -mfpu=vfpv3 -mfloat-abi=hard -I../../particle_sim_bsp/ps7_cortexa9_0/include -MMD -MP -MF"src/main.d" -MT"src/main.o" -o "src/main.o" "../src/main.c"
../src/main.c: In function 'main':
../src/main.c:13:5: warning: implicit declaration of function 'init_platform' [-Wimplicit-function-declaration]
     init_platform();
     ^
../src/main.c:20:5: warning: implicit declaration of function 'cleanup_platform' [-Wimplicit-function-declaration]
     cleanup_platform();
     ^
'Finished building: ../src/main.c'
' '
'Building target: particle_sim.elf'
'Invoking: ARM v7 gcc linker'
arm-none-eabi-gcc -mcpu=cortex-a9 -mfpu=vfpv3 -mfloat-abi=hard -Wl,-build-id=none -specs=Xilinx.spec -Wl,-T -Wl,../src/lscript.ld -L../../particle_sim_bsp/ps7_cortexa9_0/lib -o "particle_sim.elf"  ./src/zybo_vga/display_ctrl.o ./src/zybo_vga/dynclk.o  ./src/main.o ./src/platform.o ./src/simulation.o ./src/vga.o   -Wl,--start-group,-lxil,-lgcc,-lc,--end-group
'Finished building target: particle_sim.elf'
' '
'Invoking: ARM v7 Print Size'
arm-none-eabi-size particle_sim.elf  |tee "particle_sim.elf.size"
   text	   data	    bss	    dec	    hex	filename
 106072	   2808	10394256	10503136	 a043e0	particle_sim.elf
'Finished building: particle_sim.elf.size'
' '
23:52:34 **** Auto Build of configuration Debug for project particle_sim ****
make pre-build main-build 
a9-linaro-pre-build-step
' '
'Building file: ../src/simulation.c'
'Invoking: ARM v7 gcc compiler'
arm-none-eabi-gcc -Wall -O0 -g3 -c -fmessage-length=0 -MT"src/simulation.o" -mcpu=cortex-a9 -mfpu=vfpv3 -mfloat-abi=hard -I../../particle_sim_bsp/ps7_cortexa9_0/include -MMD -MP -MF"src/simulation.d" -MT"src/simulation.o" -o "src/simulation.o" "../src/simulation.c"
../src/simulation.c:21:23: error: unknown type name 'Particle'
 void updateSimulation(Particle[] *particles) {
                       ^
make: *** [src/simulation.o] Error 1
23:52:48 **** Auto Build of configuration Debug for project particle_sim ****
make pre-build main-build 
a9-linaro-pre-build-step
' '
'Building file: ../src/simulation.c'
'Invoking: ARM v7 gcc compiler'
arm-none-eabi-gcc -Wall -O0 -g3 -c -fmessage-length=0 -MT"src/simulation.o" -mcpu=cortex-a9 -mfpu=vfpv3 -mfloat-abi=hard -I../../particle_sim_bsp/ps7_cortexa9_0/include -MMD -MP -MF"src/simulation.d" -MT"src/simulation.o" -o "src/simulation.o" "../src/simulation.c"
../src/simulation.c:21:23: error: unknown type name 'Particle'
 void updateSimulation(Particle[] *particles) {
                       ^
make: *** [src/simulation.o] Error 1
23:52:54 **** Auto Build of configuration Debug for project particle_sim ****
make pre-build main-build 
a9-linaro-pre-build-step
' '
'Building file: ../src/simulation.c'
'Invoking: ARM v7 gcc compiler'
arm-none-eabi-gcc -Wall -O0 -g3 -c -fmessage-length=0 -MT"src/simulation.o" -mcpu=cortex-a9 -mfpu=vfpv3 -mfloat-abi=hard -I../../particle_sim_bsp/ps7_cortexa9_0/include -MMD -MP -MF"src/simulation.d" -MT"src/simulation.o" -o "src/simulation.o" "../src/simulation.c"
../src/simulation.c:21:23: error: expected declaration specifiers or '...' before 'particle'
 void updateSimulation(particle[] *particles) {
                       ^
make: *** [src/simulation.o] Error 1
23:53:05 **** Auto Build of configuration Debug for project particle_sim ****
make pre-build main-build 
a9-linaro-pre-build-step
' '
'Building file: ../src/simulation.c'
'Invoking: ARM v7 gcc compiler'
arm-none-eabi-gcc -Wall -O0 -g3 -c -fmessage-length=0 -MT"src/simulation.o" -mcpu=cortex-a9 -mfpu=vfpv3 -mfloat-abi=hard -I../../particle_sim_bsp/ps7_cortexa9_0/include -MMD -MP -MF"src/simulation.d" -MT"src/simulation.o" -o "src/simulation.o" "../src/simulation.c"
../src/simulation.c:21:23: error: unknown type name 'Particle'
 void updateSimulation(Particle *particles) {
                       ^
make: *** [src/simulation.o] Error 1
23:53:11 **** Auto Build of configuration Debug for project particle_sim ****
make pre-build main-build 
a9-linaro-pre-build-step
' '
'Building file: ../src/simulation.c'
'Invoking: ARM v7 gcc compiler'
arm-none-eabi-gcc -Wall -O0 -g3 -c -fmessage-length=0 -MT"src/simulation.o" -mcpu=cortex-a9 -mfpu=vfpv3 -mfloat-abi=hard -I../../particle_sim_bsp/ps7_cortexa9_0/include -MMD -MP -MF"src/simulation.d" -MT"src/simulation.o" -o "src/simulation.o" "../src/simulation.c"
../src/simulation.c:21:23: error: unknown type name 'Particle'
 void updateSimulation(Particle[]* particles) {
                       ^
make: *** [src/simulation.o] Error 1
23:53:15 **** Auto Build of configuration Debug for project particle_sim ****
make pre-build main-build 
a9-linaro-pre-build-step
' '
'Building file: ../src/simulation.c'
'Invoking: ARM v7 gcc compiler'
arm-none-eabi-gcc -Wall -O0 -g3 -c -fmessage-length=0 -MT"src/simulation.o" -mcpu=cortex-a9 -mfpu=vfpv3 -mfloat-abi=hard -I../../particle_sim_bsp/ps7_cortexa9_0/include -MMD -MP -MF"src/simulation.d" -MT"src/simulation.o" -o "src/simulation.o" "../src/simulation.c"
../src/simulation.c:21:23: error: expected declaration specifiers or '...' before '*' token
 void updateSimulation(*Particle[] particles) {
                       ^
make: *** [src/simulation.o] Error 1
23:53:25 **** Auto Build of configuration Debug for project particle_sim ****
make pre-build main-build 
a9-linaro-pre-build-step
' '
'Building file: ../src/simulation.c'
'Invoking: ARM v7 gcc compiler'
arm-none-eabi-gcc -Wall -O0 -g3 -c -fmessage-length=0 -MT"src/simulation.o" -mcpu=cortex-a9 -mfpu=vfpv3 -mfloat-abi=hard -I../../particle_sim_bsp/ps7_cortexa9_0/include -MMD -MP -MF"src/simulation.d" -MT"src/simulation.o" -o "src/simulation.o" "../src/simulation.c"
'Finished building: ../src/simulation.c'
' '
'Building target: particle_sim.elf'
'Invoking: ARM v7 gcc linker'
arm-none-eabi-gcc -mcpu=cortex-a9 -mfpu=vfpv3 -mfloat-abi=hard -Wl,-build-id=none -specs=Xilinx.spec -Wl,-T -Wl,../src/lscript.ld -L../../particle_sim_bsp/ps7_cortexa9_0/lib -o "particle_sim.elf"  ./src/zybo_vga/display_ctrl.o ./src/zybo_vga/dynclk.o  ./src/main.o ./src/platform.o ./src/simulation.o ./src/vga.o   -Wl,--start-group,-lxil,-lgcc,-lc,--end-group
'Finished building target: particle_sim.elf'
' '
'Invoking: ARM v7 Print Size'
arm-none-eabi-size particle_sim.elf  |tee "particle_sim.elf.size"
   text	   data	    bss	    dec	    hex	filename
 106136	   2808	10394288	10503232	 a04440	particle_sim.elf
'Finished building: particle_sim.elf.size'
' '
23:54:27 **** Auto Build of configuration Debug for project particle_sim ****
make pre-build main-build 
a9-linaro-pre-build-step
' '
'Building file: ../src/simulation.c'
'Invoking: ARM v7 gcc compiler'
arm-none-eabi-gcc -Wall -O0 -g3 -c -fmessage-length=0 -MT"src/simulation.o" -mcpu=cortex-a9 -mfpu=vfpv3 -mfloat-abi=hard -I../../particle_sim_bsp/ps7_cortexa9_0/include -MMD -MP -MF"src/simulation.d" -MT"src/simulation.o" -o "src/simulation.o" "../src/simulation.c"
'Finished building: ../src/simulation.c'
' '
'Building target: particle_sim.elf'
'Invoking: ARM v7 gcc linker'
arm-none-eabi-gcc -mcpu=cortex-a9 -mfpu=vfpv3 -mfloat-abi=hard -Wl,-build-id=none -specs=Xilinx.spec -Wl,-T -Wl,../src/lscript.ld -L../../particle_sim_bsp/ps7_cortexa9_0/lib -o "particle_sim.elf"  ./src/zybo_vga/display_ctrl.o ./src/zybo_vga/dynclk.o  ./src/main.o ./src/platform.o ./src/simulation.o ./src/vga.o   -Wl,--start-group,-lxil,-lgcc,-lc,--end-group
'Finished building target: particle_sim.elf'
' '
'Invoking: ARM v7 Print Size'
arm-none-eabi-size particle_sim.elf  |tee "particle_sim.elf.size"
   text	   data	    bss	    dec	    hex	filename
 106136	   2808	10394288	10503232	 a04440	particle_sim.elf
'Finished building: particle_sim.elf.size'
' '
23:54:46 **** Auto Build of configuration Debug for project particle_sim ****
make pre-build main-build 
a9-linaro-pre-build-step
' '
'Building file: ../src/main.c'
'Invoking: ARM v7 gcc compiler'
arm-none-eabi-gcc -Wall -O0 -g3 -c -fmessage-length=0 -MT"src/main.o" -mcpu=cortex-a9 -mfpu=vfpv3 -mfloat-abi=hard -I../../particle_sim_bsp/ps7_cortexa9_0/include -MMD -MP -MF"src/main.d" -MT"src/main.o" -o "src/main.o" "../src/main.c"
In file included from ../src/main.c:7:0:
../src/simulation.h:11:23: error: unknown type name 'particle'
 void updateSimulation(particle *particles);
                       ^
../src/main.c: In function 'main':
../src/main.c:13:5: warning: implicit declaration of function 'init_platform' [-Wimplicit-function-declaration]
     init_platform();
     ^
../src/main.c:20:5: warning: implicit declaration of function 'cleanup_platform' [-Wimplicit-function-declaration]
     cleanup_platform();
     ^
make: *** [src/main.o] Error 1
23:54:57 **** Auto Build of configuration Debug for project particle_sim ****
make pre-build main-build 
a9-linaro-pre-build-step
' '
'Building file: ../src/main.c'
'Invoking: ARM v7 gcc compiler'
arm-none-eabi-gcc -Wall -O0 -g3 -c -fmessage-length=0 -MT"src/main.o" -mcpu=cortex-a9 -mfpu=vfpv3 -mfloat-abi=hard -I../../particle_sim_bsp/ps7_cortexa9_0/include -MMD -MP -MF"src/main.d" -MT"src/main.o" -o "src/main.o" "../src/main.c"
In file included from ../src/main.c:7:0:
../src/simulation.h:11:30: warning: 'struct particle' declared inside parameter list
 void updateSimulation(struct particle *particles);
                              ^
../src/simulation.h:11:30: warning: its scope is only this definition or declaration, which is probably not what you want
../src/main.c: In function 'main':
../src/main.c:13:5: warning: implicit declaration of function 'init_platform' [-Wimplicit-function-declaration]
     init_platform();
     ^
../src/main.c:20:5: warning: implicit declaration of function 'cleanup_platform' [-Wimplicit-function-declaration]
     cleanup_platform();
     ^
'Finished building: ../src/main.c'
' '
'Building target: particle_sim.elf'
'Invoking: ARM v7 gcc linker'
arm-none-eabi-gcc -mcpu=cortex-a9 -mfpu=vfpv3 -mfloat-abi=hard -Wl,-build-id=none -specs=Xilinx.spec -Wl,-T -Wl,../src/lscript.ld -L../../particle_sim_bsp/ps7_cortexa9_0/lib -o "particle_sim.elf"  ./src/zybo_vga/display_ctrl.o ./src/zybo_vga/dynclk.o  ./src/main.o ./src/platform.o ./src/simulation.o ./src/vga.o   -Wl,--start-group,-lxil,-lgcc,-lc,--end-group
'Finished building target: particle_sim.elf'
' '
'Invoking: ARM v7 Print Size'
arm-none-eabi-size particle_sim.elf  |tee "particle_sim.elf.size"
   text	   data	    bss	    dec	    hex	filename
 106136	   2808	10394288	10503232	 a04440	particle_sim.elf
'Finished building: particle_sim.elf.size'
' '
23:55:14 **** Auto Build of configuration Debug for project particle_sim ****
make pre-build main-build 
a9-linaro-pre-build-step
' '
'Building file: ../src/simulation.c'
'Invoking: ARM v7 gcc compiler'
arm-none-eabi-gcc -Wall -O0 -g3 -c -fmessage-length=0 -MT"src/simulation.o" -mcpu=cortex-a9 -mfpu=vfpv3 -mfloat-abi=hard -I../../particle_sim_bsp/ps7_cortexa9_0/include -MMD -MP -MF"src/simulation.d" -MT"src/simulation.o" -o "src/simulation.o" "../src/simulation.c"
'Finished building: ../src/simulation.c'
' '
'Building target: particle_sim.elf'
'Invoking: ARM v7 gcc linker'
arm-none-eabi-gcc -mcpu=cortex-a9 -mfpu=vfpv3 -mfloat-abi=hard -Wl,-build-id=none -specs=Xilinx.spec -Wl,-T -Wl,../src/lscript.ld -L../../particle_sim_bsp/ps7_cortexa9_0/lib -o "particle_sim.elf"  ./src/zybo_vga/display_ctrl.o ./src/zybo_vga/dynclk.o  ./src/main.o ./src/platform.o ./src/simulation.o ./src/vga.o   -Wl,--start-group,-lxil,-lgcc,-lc,--end-group
'Finished building target: particle_sim.elf'
' '
'Invoking: ARM v7 Print Size'
arm-none-eabi-size particle_sim.elf  |tee "particle_sim.elf.size"
   text	   data	    bss	    dec	    hex	filename
 106136	   2808	10394288	10503232	 a04440	particle_sim.elf
'Finished building: particle_sim.elf.size'
' '
23:56:52 **** Auto Build of configuration Debug for project particle_sim ****
make pre-build main-build 
a9-linaro-pre-build-step
' '
'Building file: ../src/simulation.c'
'Invoking: ARM v7 gcc compiler'
arm-none-eabi-gcc -Wall -O0 -g3 -c -fmessage-length=0 -MT"src/simulation.o" -mcpu=cortex-a9 -mfpu=vfpv3 -mfloat-abi=hard -I../../particle_sim_bsp/ps7_cortexa9_0/include -MMD -MP -MF"src/simulation.d" -MT"src/simulation.o" -o "src/simulation.o" "../src/simulation.c"
'Finished building: ../src/simulation.c'
' '
'Building target: particle_sim.elf'
'Invoking: ARM v7 gcc linker'
arm-none-eabi-gcc -mcpu=cortex-a9 -mfpu=vfpv3 -mfloat-abi=hard -Wl,-build-id=none -specs=Xilinx.spec -Wl,-T -Wl,../src/lscript.ld -L../../particle_sim_bsp/ps7_cortexa9_0/lib -o "particle_sim.elf"  ./src/zybo_vga/display_ctrl.o ./src/zybo_vga/dynclk.o  ./src/main.o ./src/platform.o ./src/simulation.o ./src/vga.o   -Wl,--start-group,-lxil,-lgcc,-lc,--end-group
'Finished building target: particle_sim.elf'
' '
'Invoking: ARM v7 Print Size'
arm-none-eabi-size particle_sim.elf  |tee "particle_sim.elf.size"
   text	   data	    bss	    dec	    hex	filename
 106136	   2808	10394288	10503232	 a04440	particle_sim.elf
'Finished building: particle_sim.elf.size'
' '
23:57:10 **** Auto Build of configuration Debug for project particle_sim ****
make pre-build main-build 
a9-linaro-pre-build-step
' '
'Building file: ../src/simulation.c'
'Invoking: ARM v7 gcc compiler'
arm-none-eabi-gcc -Wall -O0 -g3 -c -fmessage-length=0 -MT"src/simulation.o" -mcpu=cortex-a9 -mfpu=vfpv3 -mfloat-abi=hard -I../../particle_sim_bsp/ps7_cortexa9_0/include -MMD -MP -MF"src/simulation.d" -MT"src/simulation.o" -o "src/simulation.o" "../src/simulation.c"
'Finished building: ../src/simulation.c'
' '
'Building target: particle_sim.elf'
'Invoking: ARM v7 gcc linker'
arm-none-eabi-gcc -mcpu=cortex-a9 -mfpu=vfpv3 -mfloat-abi=hard -Wl,-build-id=none -specs=Xilinx.spec -Wl,-T -Wl,../src/lscript.ld -L../../particle_sim_bsp/ps7_cortexa9_0/lib -o "particle_sim.elf"  ./src/zybo_vga/display_ctrl.o ./src/zybo_vga/dynclk.o  ./src/main.o ./src/platform.o ./src/simulation.o ./src/vga.o   -Wl,--start-group,-lxil,-lgcc,-lc,--end-group
'Finished building target: particle_sim.elf'
' '
'Invoking: ARM v7 Print Size'
arm-none-eabi-size particle_sim.elf  |tee "particle_sim.elf.size"
   text	   data	    bss	    dec	    hex	filename
 106136	   2808	10394288	10503232	 a04440	particle_sim.elf
'Finished building: particle_sim.elf.size'
' '
23:57:18 **** Auto Build of configuration Debug for project particle_sim ****
make pre-build main-build 
a9-linaro-pre-build-step
' '
'Building file: ../src/main.c'
'Invoking: ARM v7 gcc compiler'
arm-none-eabi-gcc -Wall -O0 -g3 -c -fmessage-length=0 -MT"src/main.o" -mcpu=cortex-a9 -mfpu=vfpv3 -mfloat-abi=hard -I../../particle_sim_bsp/ps7_cortexa9_0/include -MMD -MP -MF"src/main.d" -MT"src/main.o" -o "src/main.o" "../src/main.c"
In file included from ../src/main.c:7:0:
../src/simulation.h:12:10: warning: 'struct attractor' declared inside parameter list
   struct attractor *attractors);
          ^
../src/simulation.h:12:10: warning: its scope is only this definition or declaration, which is probably not what you want
../src/simulation.h:12:10: warning: 'struct particle' declared inside parameter list
../src/main.c: In function 'main':
../src/main.c:13:5: warning: implicit declaration of function 'init_platform' [-Wimplicit-function-declaration]
     init_platform();
     ^
../src/main.c:20:5: warning: implicit declaration of function 'cleanup_platform' [-Wimplicit-function-declaration]
     cleanup_platform();
     ^
'Finished building: ../src/main.c'
' '
'Building target: particle_sim.elf'
'Invoking: ARM v7 gcc linker'
arm-none-eabi-gcc -mcpu=cortex-a9 -mfpu=vfpv3 -mfloat-abi=hard -Wl,-build-id=none -specs=Xilinx.spec -Wl,-T -Wl,../src/lscript.ld -L../../particle_sim_bsp/ps7_cortexa9_0/lib -o "particle_sim.elf"  ./src/zybo_vga/display_ctrl.o ./src/zybo_vga/dynclk.o  ./src/main.o ./src/platform.o ./src/simulation.o ./src/vga.o   -Wl,--start-group,-lxil,-lgcc,-lc,--end-group
'Finished building target: particle_sim.elf'
' '
'Invoking: ARM v7 Print Size'
arm-none-eabi-size particle_sim.elf  |tee "particle_sim.elf.size"
   text	   data	    bss	    dec	    hex	filename
 106136	   2808	10394288	10503232	 a04440	particle_sim.elf
'Finished building: particle_sim.elf.size'
' '
23:57:30 **** Auto Build of configuration Debug for project particle_sim ****
make pre-build main-build 
a9-linaro-pre-build-step
' '
'Building file: ../src/main.c'
'Invoking: ARM v7 gcc compiler'
arm-none-eabi-gcc -Wall -O0 -g3 -c -fmessage-length=0 -MT"src/main.o" -mcpu=cortex-a9 -mfpu=vfpv3 -mfloat-abi=hard -I../../particle_sim_bsp/ps7_cortexa9_0/include -MMD -MP -MF"src/main.d" -MT"src/main.o" -o "src/main.o" "../src/main.c"
In file included from ../src/main.c:7:0:
../src/simulation.h:11:58: warning: 'struct attractor' declared inside parameter list
 void updateSimulation(struct particle *particles, struct attractor *attractors);
                                                          ^
../src/simulation.h:11:58: warning: its scope is only this definition or declaration, which is probably not what you want
../src/simulation.h:11:58: warning: 'struct particle' declared inside parameter list
../src/main.c: In function 'main':
../src/main.c:13:5: warning: implicit declaration of function 'init_platform' [-Wimplicit-function-declaration]
     init_platform();
     ^
../src/main.c:20:5: warning: implicit declaration of function 'cleanup_platform' [-Wimplicit-function-declaration]
     cleanup_platform();
     ^
'Finished building: ../src/main.c'
' '
'Building target: particle_sim.elf'
'Invoking: ARM v7 gcc linker'
arm-none-eabi-gcc -mcpu=cortex-a9 -mfpu=vfpv3 -mfloat-abi=hard -Wl,-build-id=none -specs=Xilinx.spec -Wl,-T -Wl,../src/lscript.ld -L../../particle_sim_bsp/ps7_cortexa9_0/lib -o "particle_sim.elf"  ./src/zybo_vga/display_ctrl.o ./src/zybo_vga/dynclk.o  ./src/main.o ./src/platform.o ./src/simulation.o ./src/vga.o   -Wl,--start-group,-lxil,-lgcc,-lc,--end-group
'Finished building target: particle_sim.elf'
' '
'Invoking: ARM v7 Print Size'
arm-none-eabi-size particle_sim.elf  |tee "particle_sim.elf.size"
   text	   data	    bss	    dec	    hex	filename
 106136	   2808	10394288	10503232	 a04440	particle_sim.elf
'Finished building: particle_sim.elf.size'
' '
23:57:33 **** Auto Build of configuration Debug for project particle_sim ****
make pre-build main-build 
a9-linaro-pre-build-step
' '
'Building file: ../src/main.c'
'Invoking: ARM v7 gcc compiler'
arm-none-eabi-gcc -Wall -O0 -g3 -c -fmessage-length=0 -MT"src/main.o" -mcpu=cortex-a9 -mfpu=vfpv3 -mfloat-abi=hard -I../../particle_sim_bsp/ps7_cortexa9_0/include -MMD -MP -MF"src/main.d" -MT"src/main.o" -o "src/main.o" "../src/main.c"
In file included from ../src/main.c:7:0:
../src/simulation.h:11:51: error: unknown type name 'attractor'
 void updateSimulation(struct particle *particles, attractor *attractors);
                                                   ^
../src/main.c: In function 'main':
../src/main.c:13:5: warning: implicit declaration of function 'init_platform' [-Wimplicit-function-declaration]
     init_platform();
     ^
../src/main.c:20:5: warning: implicit declaration of function 'cleanup_platform' [-Wimplicit-function-declaration]
     cleanup_platform();
     ^
make: *** [src/main.o] Error 1
23:57:38 **** Auto Build of configuration Debug for project particle_sim ****
make pre-build main-build 
a9-linaro-pre-build-step
' '
'Building file: ../src/main.c'
'Invoking: ARM v7 gcc compiler'
arm-none-eabi-gcc -Wall -O0 -g3 -c -fmessage-length=0 -MT"src/main.o" -mcpu=cortex-a9 -mfpu=vfpv3 -mfloat-abi=hard -I../../particle_sim_bsp/ps7_cortexa9_0/include -MMD -MP -MF"src/main.d" -MT"src/main.o" -o "src/main.o" "../src/main.c"
In file included from ../src/main.c:7:0:
../src/simulation.h:11:58: warning: 'struct attractor' declared inside parameter list
 void updateSimulation(struct particle *particles, struct attractor *attractors);
                                                          ^
../src/simulation.h:11:58: warning: its scope is only this definition or declaration, which is probably not what you want
../src/simulation.h:11:58: warning: 'struct particle' declared inside parameter list
../src/main.c: In function 'main':
../src/main.c:13:5: warning: implicit declaration of function 'init_platform' [-Wimplicit-function-declaration]
     init_platform();
     ^
../src/main.c:20:5: warning: implicit declaration of function 'cleanup_platform' [-Wimplicit-function-declaration]
     cleanup_platform();
     ^
'Finished building: ../src/main.c'
' '
'Building target: particle_sim.elf'
'Invoking: ARM v7 gcc linker'
arm-none-eabi-gcc -mcpu=cortex-a9 -mfpu=vfpv3 -mfloat-abi=hard -Wl,-build-id=none -specs=Xilinx.spec -Wl,-T -Wl,../src/lscript.ld -L../../particle_sim_bsp/ps7_cortexa9_0/lib -o "particle_sim.elf"  ./src/zybo_vga/display_ctrl.o ./src/zybo_vga/dynclk.o  ./src/main.o ./src/platform.o ./src/simulation.o ./src/vga.o   -Wl,--start-group,-lxil,-lgcc,-lc,--end-group
'Finished building target: particle_sim.elf'
' '
'Invoking: ARM v7 Print Size'
arm-none-eabi-size particle_sim.elf  |tee "particle_sim.elf.size"
   text	   data	    bss	    dec	    hex	filename
 106136	   2808	10394288	10503232	 a04440	particle_sim.elf
'Finished building: particle_sim.elf.size'
' '
23:57:53 **** Auto Build of configuration Debug for project particle_sim ****
make pre-build main-build 
a9-linaro-pre-build-step
' '
'Building file: ../src/simulation.c'
'Invoking: ARM v7 gcc compiler'
arm-none-eabi-gcc -Wall -O0 -g3 -c -fmessage-length=0 -MT"src/simulation.o" -mcpu=cortex-a9 -mfpu=vfpv3 -mfloat-abi=hard -I../../particle_sim_bsp/ps7_cortexa9_0/include -MMD -MP -MF"src/simulation.d" -MT"src/simulation.o" -o "src/simulation.o" "../src/simulation.c"
'Finished building: ../src/simulation.c'
' '
'Building target: particle_sim.elf'
'Invoking: ARM v7 gcc linker'
arm-none-eabi-gcc -mcpu=cortex-a9 -mfpu=vfpv3 -mfloat-abi=hard -Wl,-build-id=none -specs=Xilinx.spec -Wl,-T -Wl,../src/lscript.ld -L../../particle_sim_bsp/ps7_cortexa9_0/lib -o "particle_sim.elf"  ./src/zybo_vga/display_ctrl.o ./src/zybo_vga/dynclk.o  ./src/main.o ./src/platform.o ./src/simulation.o ./src/vga.o   -Wl,--start-group,-lxil,-lgcc,-lc,--end-group
'Finished building target: particle_sim.elf'
' '
'Invoking: ARM v7 Print Size'
arm-none-eabi-size particle_sim.elf  |tee "particle_sim.elf.size"
   text	   data	    bss	    dec	    hex	filename
 106136	   2808	10394288	10503232	 a04440	particle_sim.elf
'Finished building: particle_sim.elf.size'
' '
00:01:31 **** Auto Build of configuration Debug for project particle_sim ****
make pre-build main-build 
a9-linaro-pre-build-step
' '
'Building file: ../src/simulation.c'
'Invoking: ARM v7 gcc compiler'
arm-none-eabi-gcc -Wall -O0 -g3 -c -fmessage-length=0 -MT"src/simulation.o" -mcpu=cortex-a9 -mfpu=vfpv3 -mfloat-abi=hard -I../../particle_sim_bsp/ps7_cortexa9_0/include -MMD -MP -MF"src/simulation.d" -MT"src/simulation.o" -o "src/simulation.o" "../src/simulation.c"
'Finished building: ../src/simulation.c'
' '
'Building target: particle_sim.elf'
'Invoking: ARM v7 gcc linker'
arm-none-eabi-gcc -mcpu=cortex-a9 -mfpu=vfpv3 -mfloat-abi=hard -Wl,-build-id=none -specs=Xilinx.spec -Wl,-T -Wl,../src/lscript.ld -L../../particle_sim_bsp/ps7_cortexa9_0/lib -o "particle_sim.elf"  ./src/zybo_vga/display_ctrl.o ./src/zybo_vga/dynclk.o  ./src/main.o ./src/platform.o ./src/simulation.o ./src/vga.o   -Wl,--start-group,-lxil,-lgcc,-lc,--end-group
'Finished building target: particle_sim.elf'
' '
'Invoking: ARM v7 Print Size'
arm-none-eabi-size particle_sim.elf  |tee "particle_sim.elf.size"
   text	   data	    bss	    dec	    hex	filename
 106136	   2808	10394256	10503200	 a04420	particle_sim.elf
'Finished building: particle_sim.elf.size'
' '
00:02:24 **** Auto Build of configuration Debug for project particle_sim ****
make pre-build main-build 
a9-linaro-pre-build-step
' '
'Building file: ../src/main.c'
'Invoking: ARM v7 gcc compiler'
arm-none-eabi-gcc -Wall -O0 -g3 -c -fmessage-length=0 -MT"src/main.o" -mcpu=cortex-a9 -mfpu=vfpv3 -mfloat-abi=hard -I../../particle_sim_bsp/ps7_cortexa9_0/include -MMD -MP -MF"src/main.d" -MT"src/main.o" -o "src/main.o" "../src/main.c"
In file included from ../src/main.c:7:0:
../src/simulation.h:11:58: warning: 'struct attractor' declared inside parameter list
 void updateSimulation(struct particle *particles, struct attractor *attractors);
                                                          ^
../src/simulation.h:11:58: warning: its scope is only this definition or declaration, which is probably not what you want
../src/simulation.h:11:58: warning: 'struct particle' declared inside parameter list
../src/main.c: In function 'main':
../src/main.c:13:5: warning: implicit declaration of function 'init_platform' [-Wimplicit-function-declaration]
     init_platform();
     ^
../src/main.c:17:3: error: too few arguments to function 'updateSimulation'
   updateSimulation();
   ^
In file included from ../src/main.c:7:0:
../src/simulation.h:11:6: note: declared here
 void updateSimulation(struct particle *particles, struct attractor *attractors);
      ^
../src/main.c:21:5: warning: implicit declaration of function 'cleanup_platform' [-Wimplicit-function-declaration]
     cleanup_platform();
     ^
make: *** [src/main.o] Error 1
00:03:10 **** Auto Build of configuration Debug for project particle_sim ****
make pre-build main-build 
a9-linaro-pre-build-step
' '
'Building file: ../src/main.c'
'Invoking: ARM v7 gcc compiler'
arm-none-eabi-gcc -Wall -O0 -g3 -c -fmessage-length=0 -MT"src/main.o" -mcpu=cortex-a9 -mfpu=vfpv3 -mfloat-abi=hard -I../../particle_sim_bsp/ps7_cortexa9_0/include -MMD -MP -MF"src/main.d" -MT"src/main.o" -o "src/main.o" "../src/main.c"
In file included from ../src/main.c:7:0:
../src/simulation.h:11:58: warning: 'struct attractor' declared inside parameter list
 void updateSimulation(struct particle *particles, struct attractor *attractors);
                                                          ^
../src/simulation.h:11:58: warning: its scope is only this definition or declaration, which is probably not what you want
../src/simulation.h:11:58: warning: 'struct particle' declared inside parameter list
../src/main.c: In function 'main':
../src/main.c:13:5: warning: implicit declaration of function 'init_platform' [-Wimplicit-function-declaration]
     init_platform();
     ^
../src/main.c:16:2: error: unknown type name 'particle'
  particle *particles;
  ^
../src/main.c:17:2: error: unknown type name 'attractors'
  attractors *attractors;
  ^
../src/main.c:20:3: error: too few arguments to function 'updateSimulation'
   updateSimulation();
   ^
In file included from ../src/main.c:7:0:
../src/simulation.h:11:6: note: declared here
 void updateSimulation(struct particle *particles, struct attractor *attractors);
      ^
../src/main.c:24:5: warning: implicit declaration of function 'cleanup_platform' [-Wimplicit-function-declaration]
     cleanup_platform();
     ^
../src/main.c:17:14: warning: unused variable 'attractors' [-Wunused-variable]
  attractors *attractors;
              ^
../src/main.c:16:12: warning: unused variable 'particles' [-Wunused-variable]
  particle *particles;
            ^
make: *** [src/main.o] Error 1
00:03:17 **** Auto Build of configuration Debug for project particle_sim ****
make pre-build main-build 
a9-linaro-pre-build-step
' '
'Building file: ../src/main.c'
'Invoking: ARM v7 gcc compiler'
arm-none-eabi-gcc -Wall -O0 -g3 -c -fmessage-length=0 -MT"src/main.o" -mcpu=cortex-a9 -mfpu=vfpv3 -mfloat-abi=hard -I../../particle_sim_bsp/ps7_cortexa9_0/include -MMD -MP -MF"src/main.d" -MT"src/main.o" -o "src/main.o" "../src/main.c"
In file included from ../src/main.c:7:0:
../src/simulation.h:11:58: warning: 'struct attractor' declared inside parameter list
 void updateSimulation(struct particle *particles, struct attractor *attractors);
                                                          ^
../src/simulation.h:11:58: warning: its scope is only this definition or declaration, which is probably not what you want
../src/simulation.h:11:58: warning: 'struct particle' declared inside parameter list
../src/main.c: In function 'main':
../src/main.c:13:5: warning: implicit declaration of function 'init_platform' [-Wimplicit-function-declaration]
     init_platform();
     ^
../src/main.c:16:2: error: unknown type name 'particle'
  particle *particles;
  ^
../src/main.c:17:2: error: unknown type name 'attractor'
  attractor *attractors;
  ^
../src/main.c:20:3: error: too few arguments to function 'updateSimulation'
   updateSimulation();
   ^
In file included from ../src/main.c:7:0:
../src/simulation.h:11:6: note: declared here
 void updateSimulation(struct particle *particles, struct attractor *attractors);
      ^
../src/main.c:24:5: warning: implicit declaration of function 'cleanup_platform' [-Wimplicit-function-declaration]
     cleanup_platform();
     ^
../src/main.c:17:13: warning: unused variable 'attractors' [-Wunused-variable]
  attractor *attractors;
             ^
../src/main.c:16:12: warning: unused variable 'particles' [-Wunused-variable]
  particle *particles;
            ^
make: *** [src/main.o] Error 1
00:03:33 **** Auto Build of configuration Debug for project particle_sim ****
make pre-build main-build 
a9-linaro-pre-build-step
' '
'Building file: ../src/main.c'
'Invoking: ARM v7 gcc compiler'
arm-none-eabi-gcc -Wall -O0 -g3 -c -fmessage-length=0 -MT"src/main.o" -mcpu=cortex-a9 -mfpu=vfpv3 -mfloat-abi=hard -I../../particle_sim_bsp/ps7_cortexa9_0/include -MMD -MP -MF"src/main.d" -MT"src/main.o" -o "src/main.o" "../src/main.c"
In file included from ../src/main.c:7:0:
../src/simulation.h:11:58: warning: 'struct attractor' declared inside parameter list
 void updateSimulation(struct particle *particles, struct attractor *attractors);
                                                          ^
../src/simulation.h:11:58: warning: its scope is only this definition or declaration, which is probably not what you want
../src/simulation.h:11:58: warning: 'struct particle' declared inside parameter list
../src/main.c: In function 'main':
../src/main.c:13:5: warning: implicit declaration of function 'init_platform' [-Wimplicit-function-declaration]
     init_platform();
     ^
../src/main.c:20:3: error: too few arguments to function 'updateSimulation'
   updateSimulation();
   ^
In file included from ../src/main.c:7:0:
../src/simulation.h:11:6: note: declared here
 void updateSimulation(struct particle *particles, struct attractor *attractors);
      ^
../src/main.c:24:5: warning: implicit declaration of function 'cleanup_platform' [-Wimplicit-function-declaration]
     cleanup_platform();
     ^
../src/main.c:17:20: warning: unused variable 'attractors' [-Wunused-variable]
  struct attractor *attractors;
                    ^
../src/main.c:16:19: warning: unused variable 'particles' [-Wunused-variable]
  struct particle *particles;
                   ^
make: *** [src/main.o] Error 1
00:04:30 **** Auto Build of configuration Debug for project particle_sim ****
make pre-build main-build 
a9-linaro-pre-build-step
' '
'Building file: ../src/main.c'
'Invoking: ARM v7 gcc compiler'
arm-none-eabi-gcc -Wall -O0 -g3 -c -fmessage-length=0 -MT"src/main.o" -mcpu=cortex-a9 -mfpu=vfpv3 -mfloat-abi=hard -I../../particle_sim_bsp/ps7_cortexa9_0/include -MMD -MP -MF"src/main.d" -MT"src/main.o" -o "src/main.o" "../src/main.c"
In file included from ../src/main.c:7:0:
../src/simulation.h:11:58: warning: 'struct attractor' declared inside parameter list
 void updateSimulation(struct particle *particles, struct attractor *attractors);
                                                          ^
../src/simulation.h:11:58: warning: its scope is only this definition or declaration, which is probably not what you want
../src/simulation.h:11:58: warning: 'struct particle' declared inside parameter list
../src/main.c:11:16: error: expected identifier or '(' before '[' token
 struct particle[] *particles;
                ^
../src/main.c:12:17: error: expected identifier or '(' before '[' token
 struct attractor[] *attractors;
                 ^
../src/main.c: In function 'main':
../src/main.c:19:5: warning: implicit declaration of function 'init_platform' [-Wimplicit-function-declaration]
     init_platform();
     ^
../src/main.c:23:3: error: too few arguments to function 'updateSimulation'
   updateSimulation();
   ^
In file included from ../src/main.c:7:0:
../src/simulation.h:11:6: note: declared here
 void updateSimulation(struct particle *particles, struct attractor *attractors);
      ^
../src/main.c:27:5: warning: implicit declaration of function 'cleanup_platform' [-Wimplicit-function-declaration]
     cleanup_platform();
     ^
make: *** [src/main.o] Error 1
00:04:39 **** Auto Build of configuration Debug for project particle_sim ****
make pre-build main-build 
a9-linaro-pre-build-step
' '
'Building file: ../src/main.c'
'Invoking: ARM v7 gcc compiler'
arm-none-eabi-gcc -Wall -O0 -g3 -c -fmessage-length=0 -MT"src/main.o" -mcpu=cortex-a9 -mfpu=vfpv3 -mfloat-abi=hard -I../../particle_sim_bsp/ps7_cortexa9_0/include -MMD -MP -MF"src/main.d" -MT"src/main.o" -o "src/main.o" "../src/main.c"
In file included from ../src/main.c:7:0:
../src/simulation.h:11:58: warning: 'struct attractor' declared inside parameter list
 void updateSimulation(struct particle *particles, struct attractor *attractors);
                                                          ^
../src/simulation.h:11:58: warning: its scope is only this definition or declaration, which is probably not what you want
../src/simulation.h:11:58: warning: 'struct particle' declared inside parameter list
../src/main.c:11:12: error: expected '=', ',', ';', 'asm' or '__attribute__' before '*' token
 particle[] *particles;
            ^
../src/main.c:12:13: error: expected '=', ',', ';', 'asm' or '__attribute__' before '*' token
 attractor[] *attractors;
             ^
../src/main.c: In function 'main':
../src/main.c:19:5: warning: implicit declaration of function 'init_platform' [-Wimplicit-function-declaration]
     init_platform();
     ^
../src/main.c:23:3: error: too few arguments to function 'updateSimulation'
   updateSimulation();
   ^
In file included from ../src/main.c:7:0:
../src/simulation.h:11:6: note: declared here
 void updateSimulation(struct particle *particles, struct attractor *attractors);
      ^
../src/main.c:27:5: warning: implicit declaration of function 'cleanup_platform' [-Wimplicit-function-declaration]
     cleanup_platform();
     ^
make: *** [src/main.o] Error 1
00:05:19 **** Auto Build of configuration Debug for project particle_sim ****
make pre-build main-build 
a9-linaro-pre-build-step
' '
'Building file: ../src/main.c'
'Invoking: ARM v7 gcc compiler'
arm-none-eabi-gcc -Wall -O0 -g3 -c -fmessage-length=0 -MT"src/main.o" -mcpu=cortex-a9 -mfpu=vfpv3 -mfloat-abi=hard -I../../particle_sim_bsp/ps7_cortexa9_0/include -MMD -MP -MF"src/main.d" -MT"src/main.o" -o "src/main.o" "../src/main.c"
In file included from ../src/main.c:7:0:
../src/simulation.h:11:58: warning: 'struct attractor' declared inside parameter list
 void updateSimulation(struct particle *particles, struct attractor *attractors);
                                                          ^
../src/simulation.h:11:58: warning: its scope is only this definition or declaration, which is probably not what you want
../src/simulation.h:11:58: warning: 'struct particle' declared inside parameter list
../src/main.c:11:17: error: array type has incomplete element type
 struct particle particles[];
                 ^
../src/main.c:12:18: error: array type has incomplete element type
 struct attractor attractors[];
                  ^
../src/main.c: In function 'main':
../src/main.c:19:5: warning: implicit declaration of function 'init_platform' [-Wimplicit-function-declaration]
     init_platform();
     ^
../src/main.c:23:3: error: too few arguments to function 'updateSimulation'
   updateSimulation();
   ^
In file included from ../src/main.c:7:0:
../src/simulation.h:11:6: note: declared here
 void updateSimulation(struct particle *particles, struct attractor *attractors);
      ^
../src/main.c:27:5: warning: implicit declaration of function 'cleanup_platform' [-Wimplicit-function-declaration]
     cleanup_platform();
     ^
make: *** [src/main.o] Error 1
00:05:27 **** Auto Build of configuration Debug for project particle_sim ****
make pre-build main-build 
a9-linaro-pre-build-step
' '
'Building file: ../src/main.c'
'Invoking: ARM v7 gcc compiler'
arm-none-eabi-gcc -Wall -O0 -g3 -c -fmessage-length=0 -MT"src/main.o" -mcpu=cortex-a9 -mfpu=vfpv3 -mfloat-abi=hard -I../../particle_sim_bsp/ps7_cortexa9_0/include -MMD -MP -MF"src/main.d" -MT"src/main.o" -o "src/main.o" "../src/main.c"
In file included from ../src/main.c:7:0:
../src/simulation.h:11:58: warning: 'struct attractor' declared inside parameter list
 void updateSimulation(struct particle *particles, struct attractor *attractors);
                                                          ^
../src/simulation.h:11:58: warning: its scope is only this definition or declaration, which is probably not what you want
../src/simulation.h:11:58: warning: 'struct particle' declared inside parameter list
../src/main.c:11:17: error: array type has incomplete element type
 struct particle particles[1];
                 ^
../src/main.c:12:18: error: array type has incomplete element type
 struct attractor attractors[1];
                  ^
../src/main.c: In function 'main':
../src/main.c:19:5: warning: implicit declaration of function 'init_platform' [-Wimplicit-function-declaration]
     init_platform();
     ^
../src/main.c:23:3: error: too few arguments to function 'updateSimulation'
   updateSimulation();
   ^
In file included from ../src/main.c:7:0:
../src/simulation.h:11:6: note: declared here
 void updateSimulation(struct particle *particles, struct attractor *attractors);
      ^
../src/main.c:27:5: warning: implicit declaration of function 'cleanup_platform' [-Wimplicit-function-declaration]
     cleanup_platform();
     ^
make: *** [src/main.o] Error 1
00:06:57 **** Auto Build of configuration Debug for project particle_sim ****
make pre-build main-build 
a9-linaro-pre-build-step
' '
'Building file: ../src/main.c'
'Invoking: ARM v7 gcc compiler'
arm-none-eabi-gcc -Wall -O0 -g3 -c -fmessage-length=0 -MT"src/main.o" -mcpu=cortex-a9 -mfpu=vfpv3 -mfloat-abi=hard -I../../particle_sim_bsp/ps7_cortexa9_0/include -MMD -MP -MF"src/main.d" -MT"src/main.o" -o "src/main.o" "../src/main.c"
In file included from ../src/main.c:7:0:
../src/simulation.h:11:58: warning: 'struct attractor' declared inside parameter list
 void updateSimulation(struct particle *particles, struct attractor *attractors);
                                                          ^
../src/simulation.h:11:58: warning: its scope is only this definition or declaration, which is probably not what you want
../src/simulation.h:11:58: warning: 'struct particle' declared inside parameter list
../src/main.c:11:17: error: variably modified 'particles' at file scope
 struct particle particles[num_particles];
                 ^
[...]
../src/simulation.c:32:4: error: unknown type name 'Attractor'
    Attractor *a = *attractors[j];
    ^
../src/simulation.c:32:19: error: invalid type argument of unary '*' (have 'struct Attractor')
    Attractor *a = *attractors[j];
                   ^
../src/simulation.c:33:12: error: too few arguments to function 'fisqrt'
    int d = fisqrt()
            ^
../src/simulation.c:15:5: note: declared here
 int fisqrt(int val)
     ^
../src/simulation.c:34:3: error: expected ',' or ';' before '}' token
   }
   ^
../src/simulation.c:33:8: warning: unused variable 'd' [-Wunused-variable]
    int d = fisqrt()
        ^
../src/simulation.c:32:15: warning: unused variable 'a' [-Wunused-variable]
    Attractor *a = *attractors[j];
               ^
../src/simulation.c:36:1: error: expected declaration or statement at end of input
 }
 ^
make: *** [src/simulation.o] Error 1
01:44:25 **** Auto Build of configuration Debug for project particle_sim ****
make pre-build main-build 
a9-linaro-pre-build-step
' '
'Building file: ../src/simulation.c'
'Invoking: ARM v7 gcc compiler'
arm-none-eabi-gcc -Wall -O0 -g3 -c -fmessage-length=0 -MT"src/simulation.o" -mcpu=cortex-a9 -mfpu=vfpv3 -mfloat-abi=hard -I../../particle_sim_bsp/ps7_cortexa9_0/include -MMD -MP -MF"src/simulation.d" -MT"src/simulation.o" -o "src/simulation.o" "../src/simulation.c"
../src/simulation.c: In function 'updateSimulation':
../src/simulation.c:32:4: error: unknown type name 'Attractor'
    Attractor *a = attractors[j];
    ^
../src/simulation.c:32:19: error: incompatible types when initializing type 'int *' using type 'struct Attractor'
    Attractor *a = attractors[j];
                   ^
../src/simulation.c:33:12: error: too few arguments to function 'fisqrt'
    int d = fisqrt()
            ^
../src/simulation.c:15:5: note: declared here
 int fisqrt(int val)
     ^
../src/simulation.c:34:3: error: expected ',' or ';' before '}' token
   }
   ^
../src/simulation.c:33:8: warning: unused variable 'd' [-Wunused-variable]
    int d = fisqrt()
        ^
../src/simulation.c:32:15: warning: unused variable 'a' [-Wunused-variable]
    Attractor *a = attractors[j];
               ^
../src/simulation.c:36:1: error: expected declaration or statement at end of input
 }
 ^
make: *** [src/simulation.o] Error 1
01:44:37 **** Auto Build of configuration Debug for project particle_sim ****
make pre-build main-build 
a9-linaro-pre-build-step
' '
'Building file: ../src/simulation.c'
'Invoking: ARM v7 gcc compiler'
arm-none-eabi-gcc -Wall -O0 -g3 -c -fmessage-length=0 -MT"src/simulation.o" -mcpu=cortex-a9 -mfpu=vfpv3 -mfloat-abi=hard -I../../particle_sim_bsp/ps7_cortexa9_0/include -MMD -MP -MF"src/simulation.d" -MT"src/simulation.o" -o "src/simulation.o" "../src/simulation.c"
../src/simulation.c: In function 'updateSimulation':
../src/simulation.c:32:25: error: invalid type argument of unary '*' (have 'struct Attractor')
    struct Attractor a = *attractors[j];
                         ^
../src/simulation.c:33:12: error: too few arguments to function 'fisqrt'
    int d = fisqrt()
            ^
../src/simulation.c:15:5: note: declared here
 int fisqrt(int val)
     ^
../src/simulation.c:34:3: error: expected ',' or ';' before '}' token
   }
   ^
../src/simulation.c:33:8: warning: unused variable 'd' [-Wunused-variable]
    int d = fisqrt()
        ^
../src/simulation.c:32:21: warning: unused variable 'a' [-Wunused-variable]
    struct Attractor a = *attractors[j];
                     ^
../src/simulation.c:36:1: error: expected declaration or statement at end of input
 }
 ^
make: *** [src/simulation.o] Error 1
01:44:42 **** Auto Build of configuration Debug for project particle_sim ****
make pre-build main-build 
a9-linaro-pre-build-step
' '
'Building file: ../src/simulation.c'
'Invoking: ARM v7 gcc compiler'
arm-none-eabi-gcc -Wall -O0 -g3 -c -fmessage-length=0 -MT"src/simulation.o" -mcpu=cortex-a9 -mfpu=vfpv3 -mfloat-abi=hard -I../../particle_sim_bsp/ps7_cortexa9_0/include -MMD -MP -MF"src/simulation.d" -MT"src/simulation.o" -o "src/simulation.o" "../src/simulation.c"
../src/simulation.c: In function 'updateSimulation':
../src/simulation.c:33:12: error: too few arguments to function 'fisqrt'
    int d = fisqrt()
            ^
../src/simulation.c:15:5: note: declared here
 int fisqrt(int val)
     ^
../src/simulation.c:34:3: error: expected ',' or ';' before '}' token
   }
   ^
../src/simulation.c:33:8: warning: unused variable 'd' [-Wunused-variable]
    int d = fisqrt()
        ^
../src/simulation.c:32:21: warning: unused variable 'a' [-Wunused-variable]
    struct Attractor a = attractors[j];
                     ^
../src/simulation.c:36:1: error: expected declaration or statement at end of input
 }
 ^
make: *** [src/simulation.o] Error 1
01:45:33 **** Auto Build of configuration Debug for project particle_sim ****
make pre-build main-build 
a9-linaro-pre-build-step
' '
'Building file: ../src/simulation.c'
'Invoking: ARM v7 gcc compiler'
arm-none-eabi-gcc -Wall -O0 -g3 -c -fmessage-length=0 -MT"src/simulation.o" -mcpu=cortex-a9 -mfpu=vfpv3 -mfloat-abi=hard -I../../particle_sim_bsp/ps7_cortexa9_0/include -MMD -MP -MF"src/simulation.d" -MT"src/simulation.o" -o "src/simulation.o" "../src/simulation.c"
../src/simulation.c: In function 'updateSimulation':
../src/simulation.c:28:10: error: invalid initializer
   struct Particle p = attractors[i];
          ^
../src/simulation.c:35:4: error: expected expression before 'int'
    int d = fisqrt()
    ^
../src/simulation.c:34:8: warning: unused variable 'exp' [-Wunused-variable]
    int exp = a.x -
        ^
../src/simulation.c:28:19: warning: unused variable 'p' [-Wunused-variable]
   struct Particle p = attractors[i];
                   ^
../src/simulation.c:38:1: error: expected declaration or statement at end of input
 }
 ^
make: *** [src/simulation.o] Error 1
01:45:43 **** Auto Build of configuration Debug for project particle_sim ****
make pre-build main-build 
a9-linaro-pre-build-step
' '
'Building file: ../src/simulation.c'
'Invoking: ARM v7 gcc compiler'
arm-none-eabi-gcc -Wall -O0 -g3 -c -fmessage-length=0 -MT"src/simulation.o" -mcpu=cortex-a9 -mfpu=vfpv3 -mfloat-abi=hard -I../../particle_sim_bsp/ps7_cortexa9_0/include -MMD -MP -MF"src/simulation.d" -MT"src/simulation.o" -o "src/simulation.o" "../src/simulation.c"
../src/simulation.c: In function 'updateSimulation':
../src/simulation.c:35:4: error: expected expression before 'int'
    int d = fisqrt()
    ^
../src/simulation.c:34:8: warning: unused variable 'exp' [-Wunused-variable]
    int exp = a.x -
        ^
../src/simulation.c:28:19: warning: unused variable 'p' [-Wunused-variable]
   struct Particle p = particles[i];
                   ^
../src/simulation.c:38:1: error: expected declaration or statement at end of input
 }
 ^
make: *** [src/simulation.o] Error 1
01:45:56 **** Auto Build of configuration Debug for project particle_sim ****
make pre-build main-build 
a9-linaro-pre-build-step
' '
'Building file: ../src/simulation.c'
'Invoking: ARM v7 gcc compiler'
arm-none-eabi-gcc -Wall -O0 -g3 -c -fmessage-length=0 -MT"src/simulation.o" -mcpu=cortex-a9 -mfpu=vfpv3 -mfloat-abi=hard -I../../particle_sim_bsp/ps7_cortexa9_0/include -MMD -MP -MF"src/simulation.d" -MT"src/simulation.o" -o "src/simulation.o" "../src/simulation.c"
../src/simulation.c: In function 'updateSimulation':
../src/simulation.c:35:4: error: expected expression before 'int'
    int d = fisqrt()
    ^
../src/simulation.c:34:8: warning: unused variable 'exp' [-Wunused-variable]
    int exp = a.x -
        ^
../src/simulation.c:38:1: error: expected declaration or statement at end of input
 }
 ^
make: *** [src/simulation.o] Error 1
01:46:20 **** Auto Build of configuration Debug for project particle_sim ****
make pre-build main-build 
a9-linaro-pre-build-step
' '
'Building file: ../src/simulation.c'
'Invoking: ARM v7 gcc compiler'
arm-none-eabi-gcc -Wall -O0 -g3 -c -fmessage-length=0 -MT"src/simulation.o" -mcpu=cortex-a9 -mfpu=vfpv3 -mfloat-abi=hard -I../../particle_sim_bsp/ps7_cortexa9_0/include -MMD -MP -MF"src/simulation.d" -MT"src/simulation.o" -o "src/simulation.o" "../src/simulation.c"
../src/simulation.c: In function 'updateSimulation':
../src/simulation.c:34:28: warning: suggest parentheses around arithmetic in operand of '^' [-Wparentheses]
    int exp = (a.x - p.x)^2 + (a.y - p.y)^2;
                            ^
../src/simulation.c:35:12: error: too few arguments to function 'fisqrt'
    int d = fisqrt()
            ^
../src/simulation.c:15:5: note: declared here
 int fisqrt(int val)
     ^
../src/simulation.c:36:3: error: expected ',' or ';' before '}' token
   }
   ^
../src/simulation.c:35:8: warning: unused variable 'd' [-Wunused-variable]
    int d = fisqrt()
        ^
../src/simulation.c:34:8: warning: unused variable 'exp' [-Wunused-variable]
    int exp = (a.x - p.x)^2 + (a.y - p.y)^2;
        ^
../src/simulation.c:38:1: error: expected declaration or statement at end of input
 }
 ^
make: *** [src/simulation.o] Error 1
01:46:29 **** Auto Build of configuration Debug for project particle_sim ****
make pre-build main-build 
a9-linaro-pre-build-step
' '
'Building file: ../src/simulation.c'
'Invoking: ARM v7 gcc compiler'
arm-none-eabi-gcc -Wall -O0 -g3 -c -fmessage-length=0 -MT"src/simulation.o" -mcpu=cortex-a9 -mfpu=vfpv3 -mfloat-abi=hard -I../../particle_sim_bsp/ps7_cortexa9_0/include -MMD -MP -MF"src/simulation.d" -MT"src/simulation.o" -o "src/simulation.o" "../src/simulation.c"
../src/simulation.c: In function 'updateSimulation':
../src/simulation.c:34:28: warning: suggest parentheses around arithmetic in operand of '^' [-Wparentheses]
    int exp = (a.x - p.x)^2 + (a.y - p.y)^2;
                            ^
../src/simulation.c:35:8: warning: unused variable 'd' [-Wunused-variable]
    int d = fisqrt(exp);
        ^
'Finished building: ../src/simulation.c'
' '
'Building target: particle_sim.elf'
'Invoking: ARM v7 gcc linker'
arm-none-eabi-gcc -mcpu=cortex-a9 -mfpu=vfpv3 -mfloat-abi=hard -Wl,-build-id=none -specs=Xilinx.spec -Wl,-T -Wl,../src/lscript.ld -L../../particle_sim_bsp/ps7_cortexa9_0/lib -o "particle_sim.elf"  ./src/zybo_vga/display_ctrl.o ./src/zybo_vga/dynclk.o  ./src/fps.o ./src/main.o ./src/platform.o ./src/simulation.o ./src/vga.o   -Wl,--start-group,-lxil,-lgcc,-lc,--end-group
'Finished building target: particle_sim.elf'
' '
'Invoking: ARM v7 Print Size'
arm-none-eabi-size particle_sim.elf  |tee "particle_sim.elf.size"
   text	   data	    bss	    dec	    hex	filename
 108540	   3072	10394288	10505900	 a04eac	particle_sim.elf
'Finished building: particle_sim.elf.size'
' '
01:47:33 **** Auto Build of configuration Debug for project particle_sim ****
make pre-build main-build 
a9-linaro-pre-build-step
' '
'Building file: ../src/simulation.c'
'Invoking: ARM v7 gcc compiler'
arm-none-eabi-gcc -Wall -O0 -g3 -c -fmessage-length=0 -MT"src/simulation.o" -mcpu=cortex-a9 -mfpu=vfpv3 -mfloat-abi=hard -I../../particle_sim_bsp/ps7_cortexa9_0/include -MMD -MP -MF"src/simulation.d" -MT"src/simulation.o" -o "src/simulation.o" "../src/simulation.c"
../src/simulation.c: In function 'updateSimulation':
../src/simulation.c:34:28: warning: suggest parentheses around arithmetic in operand of '^' [-Wparentheses]
    int exp = (a.x - p.x)^2 + (a.y - p.y)^2;
                            ^
../src/simulation.c:38:5: error: 'x_norm' undeclared (first use in this function)
     x_norm = (a.x - p.x)/d;
     ^
../src/simulation.c:38:5: note: each undeclared identifier is reported only once for each function it appears in
../src/simulation.c:39:5: error: 'y_norm' undeclared (first use in this function)
     y_norm = (a.y - p.y)/d;
     ^
make: *** [src/simulation.o] Error 1
01:47:40 **** Auto Build of configuration Debug for project particle_sim ****
make pre-build main-build 
a9-linaro-pre-build-step
' '
'Building file: ../src/simulation.c'
'Invoking: ARM v7 gcc compiler'
arm-none-eabi-gcc -Wall -O0 -g3 -c -fmessage-length=0 -MT"src/simulation.o" -mcpu=cortex-a9 -mfpu=vfpv3 -mfloat-abi=hard -I../../particle_sim_bsp/ps7_cortexa9_0/include -MMD -MP -MF"src/simulation.d" -MT"src/simulation.o" -o "src/simulation.o" "../src/simulation.c"
../src/simulation.c: In function 'updateSimulation':
../src/simulation.c:34:28: warning: suggest parentheses around arithmetic in operand of '^' [-Wparentheses]
    int exp = (a.x - p.x)^2 + (a.y - p.y)^2;
                            ^
../src/simulation.c:42:4: error: expected '(' before '}' token
    }
    ^
../src/simulation.c:39:9: warning: unused variable 'y_norm' [-Wunused-variable]
     int y_norm = (a.y - p.y)/d;
         ^
../src/simulation.c:38:9: warning: unused variable 'x_norm' [-Wunused-variable]
     int x_norm = (a.x - p.x)/d;
         ^
make: *** [src/simulation.o] Error 1
01:47:50 **** Auto Build of configuration Debug for project particle_sim ****
make pre-build main-build 
a9-linaro-pre-build-step
' '
'Building file: ../src/simulation.c'
'Invoking: ARM v7 gcc compiler'
arm-none-eabi-gcc -Wall -O0 -g3 -c -fmessage-length=0 -MT"src/simulation.o" -mcpu=cortex-a9 -mfpu=vfpv3 -mfloat-abi=hard -I../../particle_sim_bsp/ps7_cortexa9_0/include -MMD -MP -MF"src/simulation.d" -MT"src/simulation.o" -o "src/simulation.o" "../src/simulation.c"
../src/simulation.c: In function 'updateSimulation':
../src/simulation.c:34:28: warning: suggest parentheses around arithmetic in operand of '^' [-Wparentheses]
    int exp = (a.x - p.x)^2 + (a.y - p.y)^2;
                            ^
../src/simulation.c:42:4: error: expected expression before '}' token
    }
    ^
../src/simulation.c:39:9: warning: unused variable 'y_norm' [-Wunused-variable]
     int y_norm = (a.y - p.y)/d;
         ^
../src/simulation.c:38:9: warning: unused variable 'x_norm' [-Wunused-variable]
     int x_norm = (a.x - p.x)/d;
         ^
make: *** [src/simulation.o] Error 1
01:49:15 **** Auto Build of configuration Debug for project particle_sim ****
make pre-build main-build 
a9-linaro-pre-build-step
' '
'Building file: ../src/simulation.c'
'Invoking: ARM v7 gcc compiler'
arm-none-eabi-gcc -Wall -O0 -g3 -c -fmessage-length=0 -MT"src/simulation.o" -mcpu=cortex-a9 -mfpu=vfpv3 -mfloat-abi=hard -I../../particle_sim_bsp/ps7_cortexa9_0/include -MMD -MP -MF"src/simulation.d" -MT"src/simulation.o" -o "src/simulation.o" "../src/simulation.c"
../src/simulation.c: In function 'updateSimulation':
../src/simulation.c:34:28: warning: suggest parentheses around arithmetic in operand of '^' [-Wparentheses]
    int exp = (a.x - p.x)^2 + (a.y - p.y)^2;
                            ^
../src/simulation.c:38:4: error: expected '=', ',', ';', 'asm' or '__attribute__' before 'int'
    int y_norm
    ^
../src/simulation.c:39:4: error: expected '=', ',', ';', 'asm' or '__attribute__' before 'if'
    if (d < 500) {
    ^
../src/simulation.c:40:5: error: 'x_norm' undeclared (first use in this function)
     x_norm = (a.x - p.x)/d;
     ^
../src/simulation.c:40:5: note: each undeclared identifier is reported only once for each function it appears in
../src/simulation.c:41:5: error: 'y_norm' undeclared (first use in this function)
     y_norm = (a.y - p.y)/d;
     ^
make: *** [src/simulation.o] Error 1
01:49:22 **** Auto Build of configuration Debug for project particle_sim ****
make pre-build main-build 
a9-linaro-pre-build-step
' '
'Building file: ../src/simulation.c'
'Invoking: ARM v7 gcc compiler'
arm-none-eabi-gcc -Wall -O0 -g3 -c -fmessage-length=0 -MT"src/simulation.o" -mcpu=cortex-a9 -mfpu=vfpv3 -mfloat-abi=hard -I../../particle_sim_bsp/ps7_cortexa9_0/include -MMD -MP -MF"src/simulation.d" -MT"src/simulation.o" -o "src/simulation.o" "../src/simulation.c"
../src/simulation.c: In function 'updateSimulation':
../src/simulation.c:34:28: warning: suggest parentheses around arithmetic in operand of '^' [-Wparentheses]
    int exp = (a.x - p.x)^2 + (a.y - p.y)^2;
                            ^
'Finished building: ../src/simulation.c'
' '
'Building target: particle_sim.elf'
'Invoking: ARM v7 gcc linker'
arm-none-eabi-gcc -mcpu=cortex-a9 -mfpu=vfpv3 -mfloat-abi=hard -Wl,-build-id=none -specs=Xilinx.spec -Wl,-T -Wl,../src/lscript.ld -L../../particle_sim_bsp/ps7_cortexa9_0/lib -o "particle_sim.elf"  ./src/zybo_vga/display_ctrl.o ./src/zybo_vga/dynclk.o  ./src/fps.o ./src/main.o ./src/platform.o ./src/simulation.o ./src/vga.o   -Wl,--start-group,-lxil,-lgcc,-lc,--end-group
'Finished building target: particle_sim.elf'
' '
'Invoking: ARM v7 Print Size'
arm-none-eabi-size particle_sim.elf  |tee "particle_sim.elf.size"
   text	   data	    bss	    dec	    hex	filename
 108732	   3072	10394288	10506092	 a04f6c	particle_sim.elf
'Finished building: particle_sim.elf.size'
' '
01:49:34 **** Auto Build of configuration Debug for project particle_sim ****
make pre-build main-build 
a9-linaro-pre-build-step
' '
'Building file: ../src/simulation.c'
'Invoking: ARM v7 gcc compiler'
arm-none-eabi-gcc -Wall -O0 -g3 -c -fmessage-length=0 -MT"src/simulation.o" -mcpu=cortex-a9 -mfpu=vfpv3 -mfloat-abi=hard -I../../particle_sim_bsp/ps7_cortexa9_0/include -MMD -MP -MF"src/simulation.d" -MT"src/simulation.o" -o "src/simulation.o" "../src/simulation.c"
'Finished building: ../src/simulation.c'
' '
'Building target: particle_sim.elf'
'Invoking: ARM v7 gcc linker'
arm-none-eabi-gcc -mcpu=cortex-a9 -mfpu=vfpv3 -mfloat-abi=hard -Wl,-build-id=none -specs=Xilinx.spec -Wl,-T -Wl,../src/lscript.ld -L../../particle_sim_bsp/ps7_cortexa9_0/lib -o "particle_sim.elf"  ./src/zybo_vga/display_ctrl.o ./src/zybo_vga/dynclk.o  ./src/fps.o ./src/main.o ./src/platform.o ./src/simulation.o ./src/vga.o   -Wl,--start-group,-lxil,-lgcc,-lc,--end-group
'Finished building target: particle_sim.elf'
' '
'Invoking: ARM v7 Print Size'
arm-none-eabi-size particle_sim.elf  |tee "particle_sim.elf.size"
   text	   data	    bss	    dec	    hex	filename
 108732	   3072	10394288	10506092	 a04f6c	particle_sim.elf
'Finished building: particle_sim.elf.size'
' '
01:50:13 **** Auto Build of configuration Debug for project particle_sim ****
make pre-build main-build 
a9-linaro-pre-build-step
' '
'Building file: ../src/simulation.c'
'Invoking: ARM v7 gcc compiler'
arm-none-eabi-gcc -Wall -O0 -g3 -c -fmessage-length=0 -MT"src/simulation.o" -mcpu=cortex-a9 -mfpu=vfpv3 -mfloat-abi=hard -I../../particle_sim_bsp/ps7_cortexa9_0/include -MMD -MP -MF"src/simulation.d" -MT"src/simulation.o" -o "src/simulation.o" "../src/simulation.c"
../src/simulation.c: In function 'updateSimulation':
../src/simulation.c:52:6: error: 'struct Particle' has no member named 'yx'
     p.yx = p.yx + y_norm;
      ^
../src/simulation.c:52:13: error: 'struct Particle' has no member named 'yx'
     p.yx = p.yx + y_norm;
             ^
make: *** [src/simulation.o] Error 1
01:50:25 **** Auto Build of configuration Debug for project particle_sim ****
make pre-build main-build 
a9-linaro-pre-build-step
' '
'Building file: ../src/simulation.c'
'Invoking: ARM v7 gcc compiler'
arm-none-eabi-gcc -Wall -O0 -g3 -c -fmessage-length=0 -MT"src/simulation.o" -mcpu=cortex-a9 -mfpu=vfpv3 -mfloat-abi=hard -I../../particle_sim_bsp/ps7_cortexa9_0/include -MMD -MP -MF"src/simulation.d" -MT"src/simulation.o" -o "src/simulation.o" "../src/simulation.c"
'Finished building: ../src/simulation.c'
' '
'Building target: particle_sim.elf'
'Invoking: ARM v7 gcc linker'
arm-none-eabi-gcc -mcpu=cortex-a9 -mfpu=vfpv3 -mfloat-abi=hard -Wl,-build-id=none -specs=Xilinx.spec -Wl,-T -Wl,../src/lscript.ld -L../../particle_sim_bsp/ps7_cortexa9_0/lib -o "particle_sim.elf"  ./src/zybo_vga/display_ctrl.o ./src/zybo_vga/dynclk.o  ./src/fps.o ./src/main.o ./src/platform.o ./src/simulation.o ./src/vga.o   -Wl,--start-group,-lxil,-lgcc,-lc,--end-group
'Finished building target: particle_sim.elf'
' '
'Invoking: ARM v7 Print Size'
arm-none-eabi-size particle_sim.elf  |tee "particle_sim.elf.size"
   text	   data	    bss	    dec	    hex	filename
 108796	   3072	10394288	10506156	 a04fac	particle_sim.elf
'Finished building: particle_sim.elf.size'
' '
