03:24:06 **** Incremental Build of configuration Release for project particle_sim_array ****
make pre-build main-build 
a9-linaro-pre-build-step
' '
make: Nothing to be done for `main-build'.
03:24:09 **** Incremental Build of configuration Release for project particle_sim_array ****
make pre-build main-build 
a9-linaro-pre-build-step
' '
make: Nothing to be done for `main-build'.
03:26:50 **** Auto Build of configuration Release for project particle_sim_array ****
make pre-build main-build 
a9-linaro-pre-build-step
' '
'Building file: ../src/ethernet/ethernet.c'
'Invoking: ARM v7 gcc compiler'
arm-none-eabi-gcc -Wall -O2 -c -fmessage-length=0 -MT"src/ethernet/ethernet.o" -mcpu=cortex-a9 -mfpu=vfpv3 -mfloat-abi=hard -I../../particle_sim_bsp/ps7_cortexa9_0/include -MMD -MP -MF"src/ethernet/ethernet.d" -MT"src/ethernet/ethernet.o" -o "src/ethernet/ethernet.o" "../src/ethernet/ethernet.c"
'Finished building: ../src/ethernet/ethernet.c'
' '
'Building target: particle_sim_array.elf'
'Invoking: ARM v7 gcc linker'
arm-none-eabi-gcc -mcpu=cortex-a9 -mfpu=vfpv3 -mfloat-abi=hard -Wl,-build-id=none -specs=Xilinx.spec -Wl,-T -Wl,../src/lscript.ld -L../../particle_sim_bsp/ps7_cortexa9_0/lib -o "particle_sim_array.elf"  ./src/zybo_vga/display_ctrl.o ./src/zybo_vga/dynclk.o  ./src/vga/vga.o  ./src/util/util.o  ./src/uart/input.o  ./src/simulation/simulation.o  ./src/fps/fps.o  ./src/ethernet/ethernet.o ./src/ethernet/ethernet_platform.o  ./src/main.o ./src/platform.o   -lm -Wl,--start-group,-lxil,-lgcc,-lc,--end-group -Wl,--start-group,-lxil,-llwip4,-lgcc,-lc,--end-group
'Finished building target: particle_sim_array.elf'
' '
'Invoking: ARM v7 Print Size'
arm-none-eabi-size particle_sim_array.elf  |tee "particle_sim_array.elf.size"
   text	   data	    bss	    dec	    hex	filename
 194872	   4460	12638496	12837828	 c3e3c4	particle_sim_array.elf
'Finished building: particle_sim_array.elf.size'
' '
03:26:52 **** Incremental Build of configuration Release for project particle_sim_array ****
make pre-build main-build 
a9-linaro-pre-build-step
' '
make: Nothing to be done for `main-build'.
03:29:52 **** Incremental Build of configuration Release for project particle_sim_array ****
make pre-build main-build 
a9-linaro-pre-build-step
' '
make: Nothing to be done for `main-build'.
