05:26:46 **** Auto Build of configuration Debug for project particle_sim ****
make pre-build main-build 
a9-linaro-pre-build-step
' '
'Building file: ../src/main.c'
'Invoking: ARM v7 gcc compiler'
arm-none-eabi-gcc -Wall -O0 -g3 -c -fmessage-length=0 -MT"src/main.o" -mcpu=cortex-a9 -mfpu=vfpv3 -mfloat-abi=hard -I../../particle_sim_bsp/ps7_cortexa9_0/include -MMD -MP -MF"src/main.d" -MT"src/main.o" -o "src/main.o" "../src/main.c"
In file included from ../src/main.c:7:0:
../src/vga.h:14:3: warning: 'struct Attractor' declared inside parameter list
   int num_particles, int num_attractors);
   ^
../src/vga.h:14:3: warning: its scope is only this definition or declaration, which is probably not what you want
../src/vga.h:14:3: warning: 'struct Particle' declared inside parameter list
../src/main.c: In function 'main':
../src/main.c:56:5: warning: implicit declaration of function 'init_platform' [-Wimplicit-function-declaration]
     init_platform();
     ^
../src/main.c:63:15: warning: passing argument 1 of 'updateFrame' from incompatible pointer type
   updateFrame(particles, attractors, num_particles, num_attractors);
               ^
In file included from ../src/main.c:7:0:
../src/vga.h:13:6: note: expected 'struct Particle *' but argument is of type 'struct Particle *'
 void updateFrame(struct Particle *particles, struct Attractor *attractors,
      ^
../src/main.c:63:26: warning: passing argument 2 of 'updateFrame' from incompatible pointer type
   updateFrame(particles, attractors, num_particles, num_attractors);
                          ^
In file included from ../src/main.c:7:0:
../src/vga.h:13:6: note: expected 'struct Attractor *' but argument is of type 'struct Attractor *'
 void updateFrame(struct Particle *particles, struct Attractor *attractors,
      ^
../src/main.c:68:5: warning: implicit declaration of function 'cleanup_platform' [-Wimplicit-function-declaration]
     cleanup_platform();
     ^
../src/main.c: In function 'handleInput':
../src/main.c:53:1: warning: control reaches end of non-void function [-Wreturn-type]
 }
 ^
'Finished building: ../src/main.c'
' '
'Building target: particle_sim.elf'
'Invoking: ARM v7 gcc linker'
arm-none-eabi-gcc -mcpu=cortex-a9 -mfpu=vfpv3 -mfloat-abi=hard -Wl,-build-id=none -specs=Xilinx.spec -Wl,-T -Wl,../src/lscript.ld -L../../particle_sim_bsp/ps7_cortexa9_0/lib -o "particle_sim.elf"  ./src/zybo_vga/display_ctrl.o ./src/zybo_vga/dynclk.o  ./src/fps.o ./src/main.o ./src/platform.o ./src/simulation.o ./src/vga.o   -lm -Wl,--start-group,-lxil,-lgcc,-lc,--end-group
'Finished building target: particle_sim.elf'
' '
'Invoking: ARM v7 Print Size'
arm-none-eabi-size particle_sim.elf  |tee "particle_sim.elf.size"
   text	   data	    bss	    dec	    hex	filename
  64088	   2424	10393616	10460128	 9f9be0	particle_sim.elf
'Finished building: particle_sim.elf.size'
' '

05:26:46 Build Finished (took 628ms)

