04:31:37 **** Auto Build of configuration Debug for project particle_sim ****
make pre-build main-build 
a9-linaro-pre-build-step
' '
'Building file: ../src/simulation.c'
'Invoking: ARM v7 gcc compiler'
arm-none-eabi-gcc -Wall -O0 -g3 -c -fmessage-length=0 -MT"src/simulation.o" -mcpu=cortex-a9 -mfpu=vfpv3 -mfloat-abi=hard -I../../particle_sim_bsp/ps7_cortexa9_0/include -MMD -MP -MF"src/simulation.d" -MT"src/simulation.o" -o "src/simulation.o" "../src/simulation.c"
'Finished building: ../src/simulation.c'
' '
'Building target: particle_sim.elf'
'Invoking: ARM v7 gcc linker'
arm-none-eabi-gcc -mcpu=cortex-a9 -mfpu=vfpv3 -mfloat-abi=hard -Wl,-build-id=none -specs=Xilinx.spec -Wl,-T -Wl,../src/lscript.ld -L../../particle_sim_bsp/ps7_cortexa9_0/lib -o "particle_sim.elf"  ./src/zybo_vga/display_ctrl.o ./src/zybo_vga/dynclk.o  ./src/fps.o ./src/main.o ./src/platform.o ./src/simulation.o ./src/vga.o   -lm -Wl,--start-group,-lxil,-lgcc,-lc,--end-group
'Finished building target: particle_sim.elf'
' '
'Invoking: ARM v7 Print Size'
arm-none-eabi-size particle_sim.elf  |tee "particle_sim.elf.size"
   text	   data	    bss	    dec	    hex	filename
 110132	   2816	10394288	10507236	 a053e4	particle_sim.elf
'Finished building: particle_sim.elf.size'
' '

04:31:38 Build Finished (took 628ms)

